Component: ARM Compiler 5.06 update 6 (build 750) Tool: armlink [4d35ed]

==============================================================================

Section Cross References

    main.o(i.main) refers to _printf_percent.o(.ARM.Collect$$_printf_percent$$00000000) for _printf_percent
    main.o(i.main) refers to _printf_s.o(.ARM.Collect$$_printf_percent$$00000014) for _printf_s
    main.o(i.main) refers to _printf_str.o(.text) for _printf_str
    main.o(i.main) refers to misc.o(i.NVIC_PriorityGroupConfig) for NVIC_PriorityGroupConfig
    main.o(i.main) refers to delay.o(i.delay_init) for delay_init
    main.o(i.main) refers to usart.o(i.uart_init) for uart_init
    main.o(i.main) refers to usart3.o(i.usart3_init) for usart3_init
    main.o(i.main) refers to usart4.o(i.usart4_init) for usart4_init
    main.o(i.main) refers to led.o(i.LED_Init) for LED_Init
    main.o(i.main) refers to adc.o(i.Adc_Init) for Adc_Init
    main.o(i.main) refers to exti.o(i.EXTIX_Init) for EXTIX_Init
    main.o(i.main) refers to bjdj.o(i.BJDJ_Init) for BJDJ_Init
    main.o(i.main) refers to timer.o(i.TIM3_Int_Init) for TIM3_Int_Init
    main.o(i.main) refers to gps.o(i.Ublox_Cfg_Rate) for Ublox_Cfg_Rate
    main.o(i.main) refers to gps.o(i.Ublox_Cfg_Prt) for Ublox_Cfg_Prt
    main.o(i.main) refers to gps.o(i.Ublox_Cfg_Tp) for Ublox_Cfg_Tp
    main.o(i.main) refers to gps.o(i.Ublox_Cfg_Cfg_Save) for Ublox_Cfg_Cfg_Save
    main.o(i.main) refers to gps.o(i.GPS_Analysis) for GPS_Analysis
    main.o(i.main) refers to __2printf.o(.text) for __2printf
    main.o(i.main) refers to adc.o(i.Get_Adc_Average) for Get_Adc_Average
    main.o(i.main) refers to delay.o(i.delay_ms) for delay_ms
    main.o(i.main) refers to usart3.o(.data) for USART3_RX_STA
    main.o(i.main) refers to usart3.o(.bss) for USART3_RX_BUF
    main.o(i.main) refers to main.o(.bss) for USART1_TX_BUF
    main.o(i.main) refers to main.o(.data) for uper_motor_CW_flag
    main.o(i.main) refers to exti.o(.data) for return_motor_start_flag
    system_stm32f4xx.o(i.SystemCoreClockUpdate) refers to system_stm32f4xx.o(.data) for SystemCoreClock
    system_stm32f4xx.o(i.SystemInit) refers to system_stm32f4xx.o(i.SetSysClock) for SetSysClock
    led.o(i.LED_Init) refers to stm32f4xx_rcc.o(i.RCC_AHB1PeriphClockCmd) for RCC_AHB1PeriphClockCmd
    led.o(i.LED_Init) refers to stm32f4xx_gpio.o(i.GPIO_Init) for GPIO_Init
    led.o(i.LED_Init) refers to stm32f4xx_gpio.o(i.GPIO_SetBits) for GPIO_SetBits
    beep.o(i.BEEP_Init) refers to stm32f4xx_rcc.o(i.RCC_AHB1PeriphClockCmd) for RCC_AHB1PeriphClockCmd
    beep.o(i.BEEP_Init) refers to stm32f4xx_gpio.o(i.GPIO_Init) for GPIO_Init
    beep.o(i.BEEP_Init) refers to stm32f4xx_gpio.o(i.GPIO_ResetBits) for GPIO_ResetBits
    adc.o(i.Adc_Init) refers to stm32f4xx_rcc.o(i.RCC_AHB1PeriphClockCmd) for RCC_AHB1PeriphClockCmd
    adc.o(i.Adc_Init) refers to stm32f4xx_rcc.o(i.RCC_APB2PeriphClockCmd) for RCC_APB2PeriphClockCmd
    adc.o(i.Adc_Init) refers to stm32f4xx_gpio.o(i.GPIO_Init) for GPIO_Init
    adc.o(i.Adc_Init) refers to stm32f4xx_rcc.o(i.RCC_APB2PeriphResetCmd) for RCC_APB2PeriphResetCmd
    adc.o(i.Adc_Init) refers to stm32f4xx_adc.o(i.ADC_CommonInit) for ADC_CommonInit
    adc.o(i.Adc_Init) refers to stm32f4xx_adc.o(i.ADC_Init) for ADC_Init
    adc.o(i.Adc_Init) refers to stm32f4xx_adc.o(i.ADC_Cmd) for ADC_Cmd
    adc.o(i.Get_Adc) refers to stm32f4xx_adc.o(i.ADC_RegularChannelConfig) for ADC_RegularChannelConfig
    adc.o(i.Get_Adc) refers to stm32f4xx_adc.o(i.ADC_SoftwareStartConv) for ADC_SoftwareStartConv
    adc.o(i.Get_Adc) refers to stm32f4xx_adc.o(i.ADC_GetFlagStatus) for ADC_GetFlagStatus
    adc.o(i.Get_Adc) refers to stm32f4xx_adc.o(i.ADC_GetConversionValue) for ADC_GetConversionValue
    adc.o(i.Get_Adc_Average) refers to adc.o(i.Get_Adc) for Get_Adc
    adc.o(i.Get_Adc_Average) refers to delay.o(i.delay_ms) for delay_ms
    bjdj.o(i.ANTICW_motor) refers to bjdj.o(i.motor_step1) for motor_step1
    bjdj.o(i.ANTICW_motor) refers to delay.o(i.delay_us) for delay_us
    bjdj.o(i.ANTICW_motor) refers to bjdj.o(i.motor_step2) for motor_step2
    bjdj.o(i.ANTICW_motor) refers to bjdj.o(i.motor_step3) for motor_step3
    bjdj.o(i.ANTICW_motor) refers to bjdj.o(i.motor_step4) for motor_step4
    bjdj.o(i.BJDJ_Init) refers to stm32f4xx_rcc.o(i.RCC_AHB1PeriphClockCmd) for RCC_AHB1PeriphClockCmd
    bjdj.o(i.BJDJ_Init) refers to stm32f4xx_gpio.o(i.GPIO_Init) for GPIO_Init
    bjdj.o(i.BJDJ_Init) refers to stm32f4xx_gpio.o(i.GPIO_ResetBits) for GPIO_ResetBits
    bjdj.o(i.CW_motor) refers to bjdj.o(i.motor_step4) for motor_step4
    bjdj.o(i.CW_motor) refers to delay.o(i.delay_us) for delay_us
    bjdj.o(i.CW_motor) refers to bjdj.o(i.motor_step3) for motor_step3
    bjdj.o(i.CW_motor) refers to bjdj.o(i.motor_step2) for motor_step2
    bjdj.o(i.CW_motor) refers to bjdj.o(i.motor_step1) for motor_step1
    exti.o(i.EXTI0_IRQHandler) refers to delay.o(i.delay_ms) for delay_ms
[...]
    ../clib/armsys.c                         0x00000000   Number         0  _get_argv_nomalloc.o ABSOLUTE
    ../clib/bigflt.c                         0x00000000   Number         0  bigflt0.o ABSOLUTE
    ../clib/btod.s                           0x00000000   Number         0  btod.o ABSOLUTE
    ../clib/heapalloc.c                      0x00000000   Number         0  hrguard.o ABSOLUTE
    ../clib/heapaux.c                        0x00000000   Number         0  heapauxi.o ABSOLUTE
    ../clib/libinit.s                        0x00000000   Number         0  libshutdown2.o ABSOLUTE
    ../clib/libinit.s                        0x00000000   Number         0  libinit2.o ABSOLUTE
    ../clib/libinit.s                        0x00000000   Number         0  libinit.o ABSOLUTE
    ../clib/libinit.s                        0x00000000   Number         0  libshutdown.o ABSOLUTE
    ../clib/locale.c                         0x00000000   Number         0  _wcrtomb.o ABSOLUTE
    ../clib/locale.s                         0x00000000   Number         0  lc_ctype_c.o ABSOLUTE
    ../clib/locale.s                         0x00000000   Number         0  lc_numeric_c.o ABSOLUTE
    ../clib/longlong.s                       0x00000000   Number         0  lludiv10.o ABSOLUTE
    ../clib/memcpset.s                       0x00000000   Number         0  strcmpv7m.o ABSOLUTE
    ../clib/misc.s                           0x00000000   Number         0  printf_stubs.o ABSOLUTE
    ../clib/printf.c                         0x00000000   Number         0  _printf_hex_ptr.o ABSOLUTE
    ../clib/printf.c                         0x00000000   Number         0  _printf_hex_int_ptr.o ABSOLUTE
    ../clib/printf.c                         0x00000000   Number         0  _printf_charcount.o ABSOLUTE
    ../clib/printf.c                         0x00000000   Number         0  _printf_hex_ll_ptr.o ABSOLUTE
    ../clib/printf.c                         0x00000000   Number         0  _printf_char_common.o ABSOLUTE
    ../clib/printf.c                         0x00000000   Number         0  _sputc.o ABSOLUTE
    ../clib/printf.c                         0x00000000   Number         0  _printf_char.o ABSOLUTE
    ../clib/printf.c                         0x00000000   Number         0  _printf_wchar.o ABSOLUTE
    ../clib/printf.c                         0x00000000   Number         0  _printf_char_file.o ABSOLUTE
    ../clib/printf.c                         0x00000000   Number         0  _printf_wctomb.o ABSOLUTE
    ../clib/printf.c                         0x00000000   Number         0  __printf_nopercent.o ABSOLUTE
    ../clib/printf.c                         0x00000000   Number         0  _printf_hex_int_ll_ptr.o ABSOLUTE
    ../clib/printf.c                         0x00000000   Number         0  _printf_fp_hex.o ABSOLUTE
    ../clib/printf.c                         0x00000000   Number         0  _printf_intcommon.o ABSOLUTE
    ../clib/printf.c                         0x00000000   Number         0  __printf_ss_wp.o ABSOLUTE
    ../clib/printf.c                         0x00000000   Number         0  _printf_longlong_dec.o ABSOLUTE
    ../clib/printf.c                         0x00000000   Number         0  _printf_oct_ll.o ABSOLUTE
    ../clib/printf.c                         0x00000000   Number         0  __printf_flags_wp.o ABSOLUTE
    ../clib/printf.c                         0x00000000   Number         0  _printf_oct_int.o ABSOLUTE
    ../clib/printf.c                         0x00000000   Number         0  _printf_oct_int_ll.o ABSOLUTE
    ../clib/printf.c                         0x00000000   Number         0  _printf_hex_ll.o ABSOLUTE
    ../clib/printf.c                         0x00000000   Number         0  _printf_hex_int.o ABSOLUTE
    ../clib/printf.c                         0x00000000   Number         0  _printf_hex_int_ll.o ABSOLUTE
    ../clib/printf.c                         0x00000000   Number         0  __printf_wp.o ABSOLUTE
    ../clib/printf.c                         0x00000000   Number         0  __printf_flags_ss.o ABSOLUTE
    ../clib/printf.c                         0x00000000   Number         0  __printf_ss.o ABSOLUTE
    ../clib/printf.c                         0x00000000   Number         0  __printf_flags.o ABSOLUTE
    ../clib/printf.c                         0x00000000   Number         0  _printf_truncate.o ABSOLUTE
    ../clib/printf.c                         0x00000000   Number         0  _printf_str.o ABSOLUTE
    ../clib/printf.c                         0x00000000   Number         0  __printf.o ABSOLUTE
    ../clib/printf.c                         0x00000000   Number         0  noretval__2printf.o ABSOLUTE
    ../clib/printf.c                         0x00000000   Number         0  _printf_fp_infnan.o ABSOLUTE
    ../clib/printf.c                         0x00000000   Number         0  __2printf.o ABSOLUTE
    ../clib/printf.c                         0x00000000   Number         0  vsprintf.o ABSOLUTE
    ../clib/printf.c                         0x00000000   Number         0  _printf_pad.o ABSOLUTE
    ../clib/printf.c                         0x00000000   Number         0  _printf_fp_dec.o ABSOLUTE
    ../clib/printf.c                         0x00000000   Number         0  _printf_dec.o ABSOLUTE
    ../clib/printf.c                         0x00000000   Number         0  __printf_flags_ss_wp.o ABSOLUTE
    ../clib/printf_percent.s                 0x00000000   Number         0  _printf_p.o ABSOLUTE
    ../clib/printf_percent.s                 0x00000000   Number         0  _printf_g.o ABSOLUTE
    ../clib/printf_percent.s                 0x00000000   Number         0  _printf_e.o ABSOLUTE
    ../clib/printf_percent.s                 0x00000000   Number         0  _printf_f.o ABSOLUTE
    ../clib/printf_percent.s                 0x00000000   Number         0  _printf_u.o ABSOLUTE
    ../clib/printf_percent.s                 0x00000000   Number         0  _printf_d.o ABSOLUTE
    ../clib/printf_percent.s                 0x00000000   Number         0  _printf_i.o ABSOLUTE
    ../clib/printf_percent.s                 0x00000000   Number         0  _printf_o.o ABSOLUTE
    ../clib/printf_percent.s                 0x00000000   Number         0  _printf_x.o ABSOLUTE
    ../clib/printf_percent.s                 0x00000000   Number         0  _printf_n.o ABSOLUTE
    ../clib/printf_percent.s                 0x00000000   Number         0  _printf_c.o ABSOLUTE
    ../clib/printf_percent.s                 0x00000000   Number         0  _printf_percent.o ABSOLUTE
    ../clib/printf_percent.s                 0x00000000   Number         0  _printf_s.o ABSOLUTE
    ../clib/printf_percent.s                 0x00000000   Number         0  _printf_a.o ABSOLUTE
    ../clib/printf_percent.s                 0x00000000   Number         0  _printf_llx.o ABSOLUTE
    ../clib/printf_percent.s                 0x00000000   Number         0  _printf_llo.o ABSOLUTE
    ../clib/printf_percent.s                 0x00000000   Number         0  _printf_ls.o ABSOLUTE
    ../clib/printf_percent.s                 0x00000000   Number         0  _printf_lc.o ABSOLUTE
    ../clib/printf_percent.s                 0x00000000   Number         0  _printf_l.o ABSOLUTE
    ../clib/printf_percent.s                 0x00000000   Number         0  _printf_ll.o ABSOLUTE
    ../clib/printf_percent.s                 0x00000000   Number         0  _printf_llu.o ABSOLUTE
    ../clib/printf_percent.s                 0x00000000   Number         0  _printf_lld.o ABSOLUTE
    ../clib/printf_percent.s                 0x00000000   Number         0  _printf_lli.o ABSOLUTE
    ../clib/printf_percent.s                 0x00000000   Number         0  _printf_percent_end.o ABSOLUTE
    ../clib/signal.c                         0x00000000   Number         0  defsig_fpe_inner.o ABSOLUTE
    ../clib/signal.c                         0x00000000   Number         0  defsig_other.o ABSOLUTE
    ../clib/signal.c                         0x00000000   Number         0  defsig_segv_inner.o ABSOLUTE
    ../clib/signal.c                         0x00000000   Number         0  defsig_cppl_inner.o ABSOLUTE
    ../clib/signal.c                         0x00000000   Number         0  defsig_pvfn_inner.o ABSOLUTE
    ../clib/signal.c                         0x00000000   Number         0  defsig_stak_inner.o ABSOLUTE
    ../clib/signal.c                         0x00000000   Number         0  defsig_rtred_inner.o ABSOLUTE
    ../clib/signal.c                         0x00000000   Number         0  defsig_rtmem_outer.o ABSOLUTE
    ../clib/signal.c                         0x00000000   Number         0  defsig_abrt_inner.o ABSOLUTE
    ../clib/signal.c                         0x00000000   Number         0  defsig_rtmem_inner.o ABSOLUTE
    ../clib/signal.c                         0x00000000   Number         0  defsig_rtmem_formal.o ABSOLUTE
    ../clib/signal.c                         0x00000000   Number         0  defsig_general.o ABSOLUTE
    ../clib/signal.c                         0x00000000   Number         0  defsig_exit.o ABSOLUTE
    ../clib/signal.c                         0x00000000   Number         0  __raise.o ABSOLUTE
    ../clib/signal.s                         0x00000000   Number         0  defsig.o ABSOLUTE
    ../clib/stdio.c                          0x00000000   Number         0  ferror_locked.o ABSOLUTE
    ../clib/stdio.c                          0x00000000   Number         0  ferror.o ABSOLUTE
    ../clib/stdlib.c                         0x00000000   Number         0  exit.o ABSOLUTE
    ../clib/string.c                         0x00000000   Number         0  strlen.o ABSOLUTE
    ../clib/string.c                         0x00000000   Number         0  strstr.o ABSOLUTE
    ../fplib/fpinit.s                        0x00000000   Number         0  fpinit.o ABSOLUTE
    ../fplib/istatus.s                       0x00000000   Number         0  istatus.o ABSOLUTE
    ../fplib/printf1.s                       0x00000000   Number         0  printf1.o ABSOLUTE
    ../fplib/printf2.s                       0x00000000   Number         0  printf2.o ABSOLUTE
    ../fplib/printf2a.s                      0x00000000   Number         0  printf2a.o ABSOLUTE
    ../fplib/printf2b.s                      0x00000000   Number         0  printf2b.o ABSOLUTE
    ../fplib/usenofp.s                       0x00000000   Number         0  usenofp.o ABSOLUTE
    ../mathlib/fpclassify.c                  0x00000000   Number         0  fpclassify.o ABSOLUTE
    ..\CORE\startup_stm32f40_41xxx.s         0x00000000   Number         0  startup_stm32f40_41xxx.o ABSOLUTE
    ..\FWLIB\src\misc.c                      0x00000000   Number         0  misc.o ABSOLUTE
    ..\FWLIB\src\stm32f4xx_adc.c             0x00000000   Number         0  stm32f4xx_adc.o ABSOLUTE
    ..\FWLIB\src\stm32f4xx_exti.c            0x00000000   Number         0  stm32f4xx_exti.o ABSOLUTE
    ..\FWLIB\src\stm32f4xx_gpio.c            0x00000000   Number         0  stm32f4xx_gpio.o ABSOLUTE
    ..\FWLIB\src\stm32f4xx_rcc.c             0x00000000   Number         0  stm32f4xx_rcc.o ABSOLUTE
    ..\FWLIB\src\stm32f4xx_syscfg.c          0x00000000   Number         0  stm32f4xx_syscfg.o ABSOLUTE
    ..\FWLIB\src\stm32f4xx_tim.c             0x00000000   Number         0  stm32f4xx_tim.o ABSOLUTE
    ..\FWLIB\src\stm32f4xx_usart.c           0x00000000   Number         0  stm32f4xx_usart.o ABSOLUTE
    ..\HARDWARE\ADC\adc.c                    0x00000000   Number         0  adc.o ABSOLUTE
    ..\HARDWARE\BEEP\beep.c                  0x00000000   Number         0  beep.o ABSOLUTE
    ..\HARDWARE\BJDJ\BJDJ.c                  0x00000000   Number         0  bjdj.o ABSOLUTE
    ..\HARDWARE\EXTI\exti.c                  0x00000000   Number         0  exti.o ABSOLUTE
    ..\HARDWARE\GPS\gps.c                    0x00000000   Number         0  gps.o ABSOLUTE
    ..\HARDWARE\KEY\key.c                    0x00000000   Number         0  key.o ABSOLUTE
    ..\HARDWARE\LED\led.c                    0x00000000   Number         0  led.o ABSOLUTE
    ..\HARDWARE\TIMER\timer.c                0x00000000   Number         0  timer.o ABSOLUTE
    ..\HARDWARE\USART3\usart3.c              0x00000000   Number         0  usart3.o ABSOLUTE
    ..\HARDWARE\USART4\usart4.c              0x00000000   Number         0  usart4.o ABSOLUTE
    ..\SYSTEM\delay\delay.c                  0x00000000   Number         0  delay.o ABSOLUTE
    ..\SYSTEM\sys\sys.c                      0x00000000   Number         0  sys.o ABSOLUTE
    ..\SYSTEM\usart\usart.c                  0x00000000   Number         0  usart.o ABSOLUTE
    ..\\FWLIB\\src\\misc.c                   0x00000000   Number         0  misc.o ABSOLUTE
    ..\\FWLIB\\src\\stm32f4xx_adc.c          0x00000000   Number         0  stm32f4xx_adc.o ABSOLUTE
    ..\\FWLIB\\src\\stm32f4xx_exti.c         0x00000000   Number         0  stm32f4xx_exti.o ABSOLUTE
    ..\\FWLIB\\src\\stm32f4xx_gpio.c         0x00000000   Number         0  stm32f4xx_gpio.o ABSOLUTE
    ..\\FWLIB\\src\\stm32f4xx_rcc.c          0x00000000   Number         0  stm32f4xx_rcc.o ABSOLUTE
    ..\\FWLIB\\src\\stm32f4xx_syscfg.c       0x00000000   Number         0  stm32f4xx_syscfg.o ABSOLUTE
    ..\\FWLIB\\src\\stm32f4xx_tim.c          0x00000000   Number         0  stm32f4xx_tim.o ABSOLUTE
    ..\\FWLIB\\src\\stm32f4xx_usart.c        0x00000000   Number         0  stm32f4xx_usart.o ABSOLUTE
    ..\\HARDWARE\\ADC\\adc.c                 0x00000000   Number         0  adc.o ABSOLUTE
    ..\\HARDWARE\\BEEP\\beep.c               0x00000000   Number         0  beep.o ABSOLUTE
    ..\\HARDWARE\\BJDJ\\BJDJ.c               0x00000000   Number         0  bjdj.o ABSOLUTE
    ..\\HARDWARE\\EXTI\\exti.c               0x00000000   Number         0  exti.o ABSOLUTE
    ..\\HARDWARE\\GPS\\gps.c                 0x00000000   Number         0  gps.o ABSOLUTE
    ..\\HARDWARE\\KEY\\key.c                 0x00000000   Number         0  key.o ABSOLUTE
    ..\\HARDWARE\\LED\\led.c                 0x00000000   Number         0  led.o ABSOLUTE
    ..\\HARDWARE\\TIMER\\timer.c             0x00000000   Number         0  timer.o ABSOLUTE
    ..\\HARDWARE\\USART3\\usart3.c           0x00000000   Number         0  usart3.o ABSOLUTE
    ..\\HARDWARE\\USART4\\usart4.c           0x00000000   Number         0  usart4.o ABSOLUTE
    ..\\SYSTEM\\delay\\delay.c               0x00000000   Number         0  delay.o ABSOLUTE
    ..\\SYSTEM\\sys\\sys.c                   0x00000000   Number         0  sys.o ABSOLUTE
    ..\\SYSTEM\\usart\\usart.c               0x00000000   Number         0  usart.o ABSOLUTE
    dc.s                                     0x00000000   Number         0  dc.o ABSOLUTE
    main.c                                   0x00000000   Number         0  main.o ABSOLUTE
    main.c                                   0x00000000   Number         0  main.o ABSOLUTE
    stm32f4xx_it.c                           0x00000000   Number         0  stm32f4xx_it.o ABSOLUTE
    stm32f4xx_it.c                           0x00000000   Number         0  stm32f4xx_it.o ABSOLUTE
    system_stm32f4xx.c                       0x00000000   Number         0  system_stm32f4xx.o ABSOLUTE
    system_stm32f4xx.c                       0x00000000   Number         0  system_stm32f4xx.o ABSOLUTE
    RESET                                    0x08000000   Section      392  startup_stm32f40_41xxx.o(RESET)
    !!!main                                  0x08000188   Section        8  __main.o(!!!main)
    !!!scatter                               0x08000190   Section       52  __scatter.o(!!!scatter)
    !!handler_copy                           0x080001c4   Section       26  __scatter_copy.o(!!handler_copy)
    !!handler_zi                             0x080001e0   Section       28  __scatter_zi.o(!!handler_zi)
    .ARM.Collect$$_printf_percent$$00000000  0x080001fc   Section        0  _printf_percent.o(.ARM.Collect$$_printf_percent$$00000000)
    .ARM.Collect$$_printf_percent$$00000014  0x080001fc   Section        6  _printf_s.o(.ARM.Collect$$_printf_percent$$00000014)
    .ARM.Collect$$_printf_percent$$00000017  0x08000202   Section        4  _printf_percent_end.o(.ARM.Collect$$_printf_percent$$00000017)
    .ARM.Collect$$libinit$$00000000          0x08000206   Section        2  libinit.o(.ARM.Collect$$libinit$$00000000)
    .ARM.Collect$$libinit$$00000001          0x08000208   Section        4  libinit2.o(.ARM.Collect$$libinit$$00000001)
    .ARM.Collect$$libinit$$00000004          0x0800020c   Section        0  libinit2.o(.ARM.Collect$$libinit$$00000004)
    .ARM.Collect$$libinit$$0000000A          0x0800020c   Section        0  libinit2.o(.ARM.Collect$$libinit$$0000000A)
    .ARM.Collect$$libinit$$0000000C          0x0800020c   Section        0  libinit2.o(.ARM.Collect$$libinit$$0000000C)
    .ARM.Collect$$libinit$$0000000E          0x0800020c   Section        0  libinit2.o(.ARM.Collect$$libinit$$0000000E)
    .ARM.Collect$$libinit$$00000011          0x0800020c   Section        0  libinit2.o(.ARM.Collect$$libinit$$00000011)
    .ARM.Collect$$libinit$$00000013          0x0800020c   Section        0  libinit2.o(.ARM.Collect$$libinit$$00000013)
    .ARM.Collect$$libinit$$00000015          0x0800020c   Section        0  libinit2.o(.ARM.Collect$$libinit$$00000015)
    .ARM.Collect$$libinit$$00000017          0x0800020c   Section        0  libinit2.o(.ARM.Collect$$libinit$$00000017)
    .ARM.Collect$$libinit$$00000019          0x0800020c   Section        0  libinit2.o(.ARM.Collect$$libinit$$00000019)
    .ARM.Collect$$libinit$$0000001B          0x0800020c   Section        0  libinit2.o(.ARM.Collect$$libinit$$0000001B)
    .ARM.Collect$$libinit$$0000001D          0x0800020c   Section        0  libinit2.o(.ARM.Collect$$libinit$$0000001D)
    .ARM.Collect$$libinit$$0000001F          0x0800020c   Section        0  libinit2.o(.ARM.Collect$$libinit$$0000001F)
    .ARM.Collect$$libinit$$00000021          0x0800020c   Section        0  libinit2.o(.ARM.Collect$$libinit$$00000021)
    .ARM.Collect$$libinit$$00000023          0x0800020c   Section        0  libinit2.o(.ARM.Collect$$libinit$$00000023)
    .ARM.Collect$$libinit$$00000025          0x0800020c   Section        0  libinit2.o(.ARM.Collect$$libinit$$00000025)
    .ARM.Collect$$libinit$$0000002C          0x0800020c   Section        0  libinit2.o(.ARM.Collect$$libinit$$0000002C)
    .ARM.Collect$$libinit$$0000002E          0x0800020c   Section        0  libinit2.o(.ARM.Collect$$libinit$$0000002E)
    .ARM.Collect$$libinit$$00000030          0x0800020c   Section        0  libinit2.o(.ARM.Collect$$libinit$$00000030)
    .ARM.Collect$$libinit$$00000032          0x0800020c   Section        0  libinit2.o(.ARM.Collect$$libinit$$00000032)
    .ARM.Collect$$libinit$$00000033          0x0800020c   Section        2  libinit2.o(.ARM.Collect$$libinit$$00000033)
    .ARM.Collect$$libshutdown$$00000000      0x0800020e   Section        2  libshutdown.o(.ARM.Collect$$libshutdown$$00000000)
    .ARM.Collect$$libshutdown$$00000002      0x08000210   Section        0  libshutdown2.o(.ARM.Collect$$libshutdown$$00000002)
    .ARM.Collect$$libshutdown$$00000004      0x08000210   Section        0  libshutdown2.o(.ARM.Collect$$libshutdown$$00000004)
    .ARM.Collect$$libshutdown$$00000007      0x08000210   Section        0  libshutdown2.o(.ARM.Collect$$libshutdown$$00000007)
    .ARM.Collect$$libshutdown$$0000000A      0x08000210   Section        0  libshutdown2.o(.ARM.Collect$$libshutdown$$0000000A)
    .ARM.Collect$$libshutdown$$0000000C      0x08000210   Section        0  libshutdown2.o(.ARM.Collect$$libshutdown$$0000000C)
    .ARM.Collect$$libshutdown$$0000000F      0x08000210   Section        0  libshutdown2.o(.ARM.Collect$$libshutdown$$0000000F)
    .ARM.Collect$$libshutdown$$00000010      0x08000210   Section        2  libshutdown2.o(.ARM.Collect$$libshutdown$$00000010)
    .ARM.Collect$$rtentry$$00000000          0x08000212   Section        0  __rtentry.o(.ARM.Collect$$rtentry$$00000000)
    .ARM.Collect$$rtentry$$00000002          0x08000212   Section        0  __rtentry2.o(.ARM.Collect$$rtentry$$00000002)
    .ARM.Collect$$rtentry$$00000004          0x08000212   Section        6  __rtentry4.o(.ARM.Collect$$rtentry$$00000004)
    .ARM.Collect$$rtentry$$00000009          0x08000218   Section        0  __rtentry2.o(.ARM.Collect$$rtentry$$00000009)
    .ARM.Collect$$rtentry$$0000000A          0x08000218   Section        4  __rtentry2.o(.ARM.Collect$$rtentry$$0000000A)
    .ARM.Collect$$rtentry$$0000000C          0x0800021c   Section        0  __rtentry2.o(.ARM.Collect$$rtentry$$0000000C)
    .ARM.Collect$$rtentry$$0000000D          0x0800021c   Section        8  __rtentry2.o(.ARM.Collect$$rtentry$$0000000D)
    .ARM.Collect$$rtexit$$00000000           0x08000224   Section        2  rtexit.o(.ARM.Collect$$rtexit$$00000000)
    .ARM.Collect$$rtexit$$00000002           0x08000226   Section        0  rtexit2.o(.ARM.Collect$$rtexit$$00000002)
    .ARM.Collect$$rtexit$$00000003           0x08000226   Section        4  rtexit2.o(.ARM.Collect$$rtexit$$00000003)
    .ARM.Collect$$rtexit$$00000004           0x0800022a   Section        6  rtexit2.o(.ARM.Collect$$rtexit$$00000004)
    .text                                    0x08000230   Section       64  startup_stm32f40_41xxx.o(.text)
    $v0                                      0x08000230   Number         0  startup_stm32f40_41xxx.o(.text)
    .text                                    0x08000270   Section        2  use_no_semi_2.o(.text)
    .text                                    0x08000274   Section        0  __2printf.o(.text)
    .text                                    0x0800028c   Section        0  _printf_str.o(.text)
    .text                                    0x080002e0   Section        0  __printf_flags_ss_wp.o(.text)
    .text                                    0x08000468   Section        0  strstr.o(.text)
    .text                                    0x0800048c   Section        0  heapauxi.o(.text)
    .text                                    0x08000492   Section        2  use_no_semi.o(.text)
    .text                                    0x08000494   Section        0  _printf_char_common.o(.text)
    _printf_input_char                       0x08000495   Thumb Code    10  _printf_char_common.o(.text)
    .text                                    0x080004c4   Section        0  _printf_char.o(.text)
    .text                                    0x080004f0   Section        0  _printf_char_file.o(.text)
    .text                                    0x08000514   Section        0  ferror.o(.text)
    .text                                    0x0800051c   Section       74  sys_stackheap_outer.o(.text)
    .text                                    0x08000566   Section        0  exit.o(.text)
    .text                                    0x08000578   Section        8  libspace.o(.text)
    i.ADC_Cmd                                0x08000580   Section        0  stm32f4xx_adc.o(i.ADC_Cmd)
    i.ADC_CommonInit                         0x08000598   Section        0  stm32f4xx_adc.o(i.ADC_CommonInit)
    i.ADC_GetConversionValue                 0x080005c8   Section        0  stm32f4xx_adc.o(i.ADC_GetConversionValue)
    i.ADC_GetFlagStatus                      0x080005d0   Section        0  stm32f4xx_adc.o(i.ADC_GetFlagStatus)
    i.ADC_Init                               0x080005e4   Section        0  stm32f4xx_adc.o(i.ADC_Init)
    i.ADC_RegularChannelConfig               0x08000638   Section        0  stm32f4xx_adc.o(i.ADC_RegularChannelConfig)
    i.ADC_SoftwareStartConv                  0x080006f0   Section        0  stm32f4xx_adc.o(i.ADC_SoftwareStartConv)
    i.ANTICW_motor                           0x080006fa   Section        0  bjdj.o(i.ANTICW_motor)
    i.Adc_Init                               0x08000730   Section        0  adc.o(i.Adc_Init)
    i.BJDJ_Init                              0x080007b4   Section        0  bjdj.o(i.BJDJ_Init)
    i.BusFault_Handler                       0x08000808   Section        0  stm32f4xx_it.o(i.BusFault_Handler)
    i.CW_motor                               0x0800080c   Section        0  bjdj.o(i.CW_motor)
    i.DebugMon_Handler                       0x08000840   Section        0  stm32f4xx_it.o(i.DebugMon_Handler)
    i.EXTI0_IRQHandler                       0x08000844   Section        0  exti.o(i.EXTI0_IRQHandler)
    i.EXTI2_IRQHandler                       0x080008b8   Section        0  exti.o(i.EXTI2_IRQHandler)
    i.EXTI3_IRQHandler                       0x08000904   Section        0  exti.o(i.EXTI3_IRQHandler)
    i.EXTIX_Init                             0x08000950   Section        0  exti.o(i.EXTIX_Init)
    i.EXTI_ClearITPendingBit                 0x08000a08   Section        0  stm32f4xx_exti.o(i.EXTI_ClearITPendingBit)
    i.EXTI_Init                              0x08000a14   Section        0  stm32f4xx_exti.o(i.EXTI_Init)
    i.GPIO_Init                              0x08000aa8   Section        0  stm32f4xx_gpio.o(i.GPIO_Init)
    i.GPIO_PinAFConfig                       0x08000b38   Section        0  stm32f4xx_gpio.o(i.GPIO_PinAFConfig)
    i.GPIO_ReadInputDataBit                  0x08000b7e   Section        0  stm32f4xx_gpio.o(i.GPIO_ReadInputDataBit)
    i.GPIO_ResetBits                         0x08000b90   Section        0  stm32f4xx_gpio.o(i.GPIO_ResetBits)
    i.GPIO_SetBits                           0x08000b94   Section        0  stm32f4xx_gpio.o(i.GPIO_SetBits)
    i.GPS_Analysis                           0x08000b98   Section        0  gps.o(i.GPS_Analysis)
    i.Get_Adc                                0x08000bc8   Section        0  adc.o(i.Get_Adc)
    i.Get_Adc_Average                        0x08000bf8   Section        0  adc.o(i.Get_Adc_Average)
    i.HardFault_Handler                      0x08000c26   Section        0  stm32f4xx_it.o(i.HardFault_Handler)
    i.KEY_Init                               0x08000c2c   Section        0  key.o(i.KEY_Init)
    i.LED_Init                               0x08000c70   Section        0  led.o(i.LED_Init)
    i.MemManage_Handler                      0x08000cac   Section        0  stm32f4xx_it.o(i.MemManage_Handler)
    i.NMEA_Comma_Pos                         0x08000cb0   Section        0  gps.o(i.NMEA_Comma_Pos)
    i.NMEA_GPGGA_Analysis                    0x08000ce4   Section        0  gps.o(i.NMEA_GPGGA_Analysis)
    i.NMEA_GPGSA_Analysis                    0x08000d4c   Section        0  gps.o(i.NMEA_GPGSA_Analysis)
    i.NMEA_GPGSV_Analysis                    0x08000e04   Section        0  gps.o(i.NMEA_GPGSV_Analysis)
    i.NMEA_GPRMC_Analysis                    0x08000f30   Section        0  gps.o(i.NMEA_GPRMC_Analysis)
    i.NMEA_GPVTG_Analysis                    0x08001150   Section        0  gps.o(i.NMEA_GPVTG_Analysis)
    i.NMEA_Pow                               0x080011a8   Section        0  gps.o(i.NMEA_Pow)
    i.NMEA_Str2num                           0x080011be   Section        0  gps.o(i.NMEA_Str2num)
    i.NMI_Handler                            0x080012a8   Section        0  stm32f4xx_it.o(i.NMI_Handler)
    i.NVIC_Init                              0x080012ac   Section        0  misc.o(i.NVIC_Init)
    i.NVIC_PriorityGroupConfig               0x08001324   Section        0  misc.o(i.NVIC_PriorityGroupConfig)
    i.PendSV_Handler                         0x08001338   Section        0  stm32f4xx_it.o(i.PendSV_Handler)
    i.RCC_AHB1PeriphClockCmd                 0x0800133c   Section        0  stm32f4xx_rcc.o(i.RCC_AHB1PeriphClockCmd)
    i.RCC_APB1PeriphClockCmd                 0x0800135c   Section        0  stm32f4xx_rcc.o(i.RCC_APB1PeriphClockCmd)
    i.RCC_APB1PeriphResetCmd                 0x0800137c   Section        0  stm32f4xx_rcc.o(i.RCC_APB1PeriphResetCmd)
    i.RCC_APB2PeriphClockCmd                 0x0800139c   Section        0  stm32f4xx_rcc.o(i.RCC_APB2PeriphClockCmd)
    i.RCC_APB2PeriphResetCmd                 0x080013bc   Section        0  stm32f4xx_rcc.o(i.RCC_APB2PeriphResetCmd)
    i.RCC_GetClocksFreq                      0x080013dc   Section        0  stm32f4xx_rcc.o(i.RCC_GetClocksFreq)
    i.SVC_Handler                            0x080014c4   Section        0  stm32f4xx_it.o(i.SVC_Handler)
    i.SYSCFG_EXTILineConfig                  0x080014c8   Section        0  stm32f4xx_syscfg.o(i.SYSCFG_EXTILineConfig)
    i.SetSysClock                            0x08001508   Section        0  system_stm32f4xx.o(i.SetSysClock)
    SetSysClock                              0x08001509   Thumb Code   220  system_stm32f4xx.o(i.SetSysClock)
    i.SysTick_CLKSourceConfig                0x080015f4   Section        0  misc.o(i.SysTick_CLKSourceConfig)
    i.SysTick_Handler                        0x0800161c   Section        0  stm32f4xx_it.o(i.SysTick_Handler)
    i.SystemInit                             0x08001620   Section        0  system_stm32f4xx.o(i.SystemInit)
    i.TIM3_IRQHandler                        0x08001688   Section        0  timer.o(i.TIM3_IRQHandler)
    i.TIM3_Int_Init                          0x080016fc   Section        0  timer.o(i.TIM3_Int_Init)
    i.TIM5_IRQHandler                        0x08001758   Section        0  timer.o(i.TIM5_IRQHandler)
    i.TIM7_IRQHandler                        0x0800178c   Section        0  timer.o(i.TIM7_IRQHandler)
    i.TIM7_Int_Init                          0x080017c0   Section        0  timer.o(i.TIM7_Int_Init)
    i.TIM_ClearITPendingBit                  0x0800181c   Section        0  stm32f4xx_tim.o(i.TIM_ClearITPendingBit)
    i.TIM_Cmd                                0x08001822   Section        0  stm32f4xx_tim.o(i.TIM_Cmd)
    i.TIM_GetITStatus                        0x0800183a   Section        0  stm32f4xx_tim.o(i.TIM_GetITStatus)
    i.TIM_ITConfig                           0x0800185c   Section        0  stm32f4xx_tim.o(i.TIM_ITConfig)
    i.TIM_SetCounter                         0x0800186e   Section        0  stm32f4xx_tim.o(i.TIM_SetCounter)
    i.TIM_TimeBaseInit                       0x08001874   Section        0  stm32f4xx_tim.o(i.TIM_TimeBaseInit)
    i.USART1_IRQHandler                      0x080018f8   Section        0  usart.o(i.USART1_IRQHandler)
    i.USART3_IRQHandler                      0x08001980   Section        0  usart3.o(i.USART3_IRQHandler)
    i.USART_Cmd                              0x080019f0   Section        0  stm32f4xx_usart.o(i.USART_Cmd)
    i.USART_DeInit                           0x08001a08   Section        0  stm32f4xx_usart.o(i.USART_DeInit)
    i.USART_GetITStatus                      0x08001af8   Section        0  stm32f4xx_usart.o(i.USART_GetITStatus)
    i.USART_ITConfig                         0x08001b4c   Section        0  stm32f4xx_usart.o(i.USART_ITConfig)
    i.USART_Init                             0x08001b98   Section        0  stm32f4xx_usart.o(i.USART_Init)
    i.USART_ReceiveData                      0x08001c6c   Section        0  stm32f4xx_usart.o(i.USART_ReceiveData)
    i.Ublox_Cfg_Ack_Check                    0x08001c78   Section        0  gps.o(i.Ublox_Cfg_Ack_Check)
    i.Ublox_Cfg_Cfg_Save                     0x08001ce8   Section        0  gps.o(i.Ublox_Cfg_Cfg_Save)
    i.Ublox_Cfg_Prt                          0x08001d50   Section        0  gps.o(i.Ublox_Cfg_Prt)
    i.Ublox_Cfg_Rate                         0x08001db4   Section        0  gps.o(i.Ublox_Cfg_Rate)
    i.Ublox_Cfg_Tp                           0x08001dfc   Section        0  gps.o(i.Ublox_Cfg_Tp)
    i.Ublox_CheckSum                         0x08001e5c   Section        0  gps.o(i.Ublox_CheckSum)
    i.Ublox_Send_Date                        0x08001e84   Section        0  gps.o(i.Ublox_Send_Date)
    i.UsageFault_Handler                     0x08001eb0   Section        0  stm32f4xx_it.o(i.UsageFault_Handler)
    i._is_digit                              0x08001eb4   Section        0  __printf_wp.o(i._is_digit)
    i._sys_exit                              0x08001ec2   Section        0  usart.o(i._sys_exit)
    i.delay_init                             0x08001ec8   Section        0  delay.o(i.delay_init)
    i.delay_ms                               0x08001f04   Section        0  delay.o(i.delay_ms)
    i.delay_us                               0x08001f3c   Section        0  delay.o(i.delay_us)
    i.delay_xms                              0x08001f88   Section        0  delay.o(i.delay_xms)
    i.fputc                                  0x08001fd4   Section        0  usart.o(i.fputc)
    i.main                                   0x08001ff0   Section        0  main.o(i.main)
    i.motor_step1                            0x080021a0   Section        0  bjdj.o(i.motor_step1)
    i.motor_step2                            0x080021cc   Section        0  bjdj.o(i.motor_step2)
    i.motor_step3                            0x080021f8   Section        0  bjdj.o(i.motor_step3)
    i.motor_step4                            0x08002224   Section        0  bjdj.o(i.motor_step4)
    i.uart_init                              0x08002250   Section        0  usart.o(i.uart_init)
    i.usart3_init                            0x080022fc   Section        0  usart3.o(i.usart3_init)
    i.usart4_init                            0x080023d0   Section        0  usart4.o(i.usart4_init)
    x$fpl$fpinit                             0x080024a8   Section       10  fpinit.o(x$fpl$fpinit)
    $v0                                      0x080024a8   Number         0  fpinit.o(x$fpl$fpinit)
    .constdata                               0x080024b2   Section       17  __printf_flags_ss_wp.o(.constdata)
    maptable                                 0x080024b2   Data          17  __printf_flags_ss_wp.o(.constdata)
    .data                                    0x20000000   Section        2  main.o(.data)
    .data                                    0x20000002   Section        6  exti.o(.data)
    .data                                    0x20000008   Section        2  usart3.o(.data)
    .data                                    0x2000000a   Section        2  usart4.o(.data)
    .data                                    0x2000000c   Section        4  delay.o(.data)
    fac_us                                   0x2000000c   Data           1  delay.o(.data)
    fac_ms                                   0x2000000e   Data           2  delay.o(.data)
    .data                                    0x20000010   Section        6  usart.o(.data)
    .data                                    0x20000016   Section       16  stm32f4xx_rcc.o(.data)
    APBAHBPrescTable                         0x20000016   Data          16  stm32f4xx_rcc.o(.data)
    .bss                                     0x20000028   Section      958  main.o(.bss)
    .bss                                     0x200003e8   Section     1600  usart3.o(.bss)
    .bss                                     0x20000a28   Section      200  usart.o(.bss)
    .bss                                     0x20000af0   Section       96  libspace.o(.bss)
    HEAP                                     0x20000b50   Section      512  startup_stm32f40_41xxx.o(HEAP)
    Heap_Mem                                 0x20000b50   Data         512  startup_stm32f40_41xxx.o(HEAP)
    STACK                                    0x20000d50   Section     1024  startup_stm32f40_41xxx.o(STACK)
    Stack_Mem                                0x20000d50   Data        1024  startup_stm32f40_41xxx.o(STACK)
    __initial_sp                             0x20001150   Data           0  startup_stm32f40_41xxx.o(STACK)

    Global Symbols

    Symbol Name                              Value     Ov Type        Size  Object(Section)

    BuildAttributes$$THM_ISAv4$E$P$D$K$B$S$7EM$VFPi3$EXTD16$VFPS$VFMA$PE$A:L22UL41UL21$X:L11$S22US41US21$IEEE1$IW$USESV6$~STKCKD$USESV7$~SHL$OTIME$ROPI$IEEEJ$EBA8$UX$STANDARDLIB$REQ8$PRES8$EABIv2 0x00000000   Number         0  anon$$obj.o ABSOLUTE
    __ARM_use_no_argv                        0x00000000   Number         0  main.o ABSOLUTE
    _printf_flags                            0x00000000   Number         0  printf_stubs.o ABSOLUTE
    _printf_return_value                     0x00000000   Number         0  printf_stubs.o ABSOLUTE
    _printf_sizespec                         0x00000000   Number         0  printf_stubs.o ABSOLUTE
    _printf_widthprec                        0x00000000   Number         0  printf_stubs.o ABSOLUTE
    __ARM_exceptions_init                     - Undefined Weak Reference
    __alloca_initialize                       - Undefined Weak Reference
    __arm_preinit_                            - Undefined Weak Reference
    __cpp_initialize__aeabi_                  - Undefined Weak Reference
    __cxa_finalize                            - Undefined Weak Reference
    __sigvec_lookup                           - Undefined Weak Reference
    _atexit_init                              - Undefined Weak Reference
    _call_atexit_fns                          - Undefined Weak Reference
    _clock_init                               - Undefined Weak Reference
    _fp_trap_init                             - Undefined Weak Reference
    _fp_trap_shutdown                         - Undefined Weak Reference
    _get_lc_collate                           - Undefined Weak Reference
    _get_lc_monetary                          - Undefined Weak Reference
    _get_lc_time                              - Undefined Weak Reference
    _getenv_init                              - Undefined Weak Reference
    _handle_redirection                       - Undefined Weak Reference
    _init_alloc                               - Undefined Weak Reference
    _init_user_alloc                          - Undefined Weak Reference
    _initio                                   - Undefined Weak Reference
    _mutex_acquire                            - Undefined Weak Reference
    _mutex_release                            - Undefined Weak Reference
    _printf_mbtowc                            - Undefined Weak Reference
    _printf_wc                                - Undefined Weak Reference
    _rand_init                                - Undefined Weak Reference
    _signal_finish                            - Undefined Weak Reference
    _signal_init                              - Undefined Weak Reference
    _terminate_alloc                          - Undefined Weak Reference
    _terminate_user_alloc                     - Undefined Weak Reference
    _terminateio                              - Undefined Weak Reference
    __Vectors_Size                           0x00000188   Number         0  startup_stm32f40_41xxx.o ABSOLUTE
    __Vectors                                0x08000000   Data           4  startup_stm32f40_41xxx.o(RESET)
    __Vectors_End                            0x08000188   Data           0  startup_stm32f40_41xxx.o(RESET)
    __main                                   0x08000189   Thumb Code     8  __main.o(!!!main)
    __scatterload                            0x08000191   Thumb Code     0  __scatter.o(!!!scatter)
    __scatterload_rt2                        0x08000191   Thumb Code    44  __scatter.o(!!!scatter)
    __scatterload_rt2_thumb_only             0x08000191   Thumb Code     0  __scatter.o(!!!scatter)
    __scatterload_null                       0x0800019f   Thumb Code     0  __scatter.o(!!!scatter)
    __scatterload_copy                       0x080001c5   Thumb Code    26  __scatter_copy.o(!!handler_copy)
    __scatterload_zeroinit                   0x080001e1   Thumb Code    28  __scatter_zi.o(!!handler_zi)
    _printf_percent                          0x080001fd   Thumb Code     0  _printf_percent.o(.ARM.Collect$$_printf_percent$$00000000)
    _printf_s                                0x080001fd   Thumb Code     0  _printf_s.o(.ARM.Collect$$_printf_percent$$00000014)
    _printf_percent_end                      0x08000203   Thumb Code     0  _printf_percent_end.o(.ARM.Collect$$_printf_percent$$00000017)
    __rt_lib_init                            0x08000207   Thumb Code     0  libinit.o(.ARM.Collect$$libinit$$00000000)
    __rt_lib_init_fp_1                       0x08000209   Thumb Code     0  libinit2.o(.ARM.Collect$$libinit$$00000001)
    __rt_lib_init_alloca_1                   0x0800020d   Thumb Code     0  libinit2.o(.ARM.Collect$$libinit$$0000002E)
    __rt_lib_init_argv_1                     0x0800020d   Thumb Code     0  libinit2.o(.ARM.Collect$$libinit$$0000002C)
    __rt_lib_init_atexit_1                   0x0800020d   Thumb Code     0  libinit2.o(.ARM.Collect$$libinit$$0000001B)
    __rt_lib_init_clock_1                    0x0800020d   Thumb Code     0  libinit2.o(.ARM.Collect$$libinit$$00000021)
    __rt_lib_init_cpp_1                      0x0800020d   Thumb Code     0  libinit2.o(.ARM.Collect$$libinit$$00000032)
    __rt_lib_init_exceptions_1               0x0800020d   Thumb Code     0  libinit2.o(.ARM.Collect$$libinit$$00000030)
    __rt_lib_init_fp_trap_1                  0x0800020d   Thumb Code     0  libinit2.o(.ARM.Collect$$libinit$$0000001F)
    __rt_lib_init_getenv_1                   0x0800020d   Thumb Code     0  libinit2.o(.ARM.Collect$$libinit$$00000023)
    __rt_lib_init_heap_1                     0x0800020d   Thumb Code     0  libinit2.o(.ARM.Collect$$libinit$$0000000A)
    __rt_lib_init_lc_collate_1               0x0800020d   Thumb Code     0  libinit2.o(.ARM.Collect$$libinit$$00000011)
    __rt_lib_init_lc_ctype_1                 0x0800020d   Thumb Code     0  libinit2.o(.ARM.Collect$$libinit$$00000013)
    __rt_lib_init_lc_monetary_1              0x0800020d   Thumb Code     0  libinit2.o(.ARM.Collect$$libinit$$00000015)
    __rt_lib_init_lc_numeric_1               0x0800020d   Thumb Code     0  libinit2.o(.ARM.Collect$$libinit$$00000017)
    __rt_lib_init_lc_time_1                  0x0800020d   Thumb Code     0  libinit2.o(.ARM.Collect$$libinit$$00000019)
    __rt_lib_init_preinit_1                  0x0800020d   Thumb Code     0  libinit2.o(.ARM.Collect$$libinit$$00000004)
    __rt_lib_init_rand_1                     0x0800020d   Thumb Code     0  libinit2.o(.ARM.Collect$$libinit$$0000000E)
    __rt_lib_init_return                     0x0800020d   Thumb Code     0  libinit2.o(.ARM.Collect$$libinit$$00000033)
    __rt_lib_init_signal_1                   0x0800020d   Thumb Code     0  libinit2.o(.ARM.Collect$$libinit$$0000001D)
    __rt_lib_init_stdio_1                    0x0800020d   Thumb Code     0  libinit2.o(.ARM.Collect$$libinit$$00000025)
    __rt_lib_init_user_alloc_1               0x0800020d   Thumb Code     0  libinit2.o(.ARM.Collect$$libinit$$0000000C)
    __rt_lib_shutdown                        0x0800020f   Thumb Code     0  libshutdown.o(.ARM.Collect$$libshutdown$$00000000)
    __rt_lib_shutdown_cpp_1                  0x08000211   Thumb Code     0  libshutdown2.o(.ARM.Collect$$libshutdown$$00000002)
    __rt_lib_shutdown_fp_trap_1              0x08000211   Thumb Code     0  libshutdown2.o(.ARM.Collect$$libshutdown$$00000007)
    __rt_lib_shutdown_heap_1                 0x08000211   Thumb Code     0  libshutdown2.o(.ARM.Collect$$libshutdown$$0000000F)
    __rt_lib_shutdown_return                 0x08000211   Thumb Code     0  libshutdown2.o(.ARM.Collect$$libshutdown$$00000010)
    __rt_lib_shutdown_signal_1               0x08000211   Thumb Code     0  libshutdown2.o(.ARM.Collect$$libshutdown$$0000000A)
    __rt_lib_shutdown_stdio_1                0x08000211   Thumb Code     0  libshutdown2.o(.ARM.Collect$$libshutdown$$00000004)
    __rt_lib_shutdown_user_alloc_1           0x08000211   Thumb Code     0  libshutdown2.o(.ARM.Collect$$libshutdown$$0000000C)
    __rt_entry                               0x08000213   Thumb Code     0  __rtentry.o(.ARM.Collect$$rtentry$$00000000)
    __rt_entry_presh_1                       0x08000213   Thumb Code     0  __rtentry2.o(.ARM.Collect$$rtentry$$00000002)
    __rt_entry_sh                            0x08000213   Thumb Code     0  __rtentry4.o(.ARM.Collect$$rtentry$$00000004)
    __rt_entry_li                            0x08000219   Thumb Code     0  __rtentry2.o(.ARM.Collect$$rtentry$$0000000A)
    __rt_entry_postsh_1                      0x08000219   Thumb Code     0  __rtentry2.o(.ARM.Collect$$rtentry$$00000009)
    __rt_entry_main                          0x0800021d   Thumb Code     0  __rtentry2.o(.ARM.Collect$$rtentry$$0000000D)
    __rt_entry_postli_1                      0x0800021d   Thumb Code     0  __rtentry2.o(.ARM.Collect$$rtentry$$0000000C)
    __rt_exit                                0x08000225   Thumb Code     0  rtexit.o(.ARM.Collect$$rtexit$$00000000)
    __rt_exit_ls                             0x08000227   Thumb Code     0  rtexit2.o(.ARM.Collect$$rtexit$$00000003)
    __rt_exit_prels_1                        0x08000227   Thumb Code     0  rtexit2.o(.ARM.Collect$$rtexit$$00000002)
    __rt_exit_exit                           0x0800022b   Thumb Code     0  rtexit2.o(.ARM.Collect$$rtexit$$00000004)
    Reset_Handler                            0x08000231   Thumb Code     8  startup_stm32f40_41xxx.o(.text)
    ADC_IRQHandler                           0x0800024b   Thumb Code     0  startup_stm32f40_41xxx.o(.text)
    CAN1_RX0_IRQHandler                      0x0800024b   Thumb Code     0  startup_stm32f40_41xxx.o(.text)
    CAN1_RX1_IRQHandler                      0x0800024b   Thumb Code     0  startup_stm32f40_41xxx.o(.text)
    CAN1_SCE_IRQHandler                      0x0800024b   Thumb Code     0  startup_stm32f40_41xxx.o(.text)
    CAN1_TX_IRQHandler                       0x0800024b   Thumb Code     0  startup_stm32f40_41xxx.o(.text)
    CAN2_RX0_IRQHandler                      0x0800024b   Thumb Code     0  startup_stm32f40_41xxx.o(.text)
    CAN2_RX1_IRQHandler                      0x0800024b   Thumb Code     0  startup_stm32f40_41xxx.o(.text)
    CAN2_SCE_IRQHandler                      0x0800024b   Thumb Code     0  startup_stm32f40_41xxx.o(.text)
    CAN2_TX_IRQHandler                       0x0800024b   Thumb Code     0  startup_stm32f40_41xxx.o(.text)
    CRYP_IRQHandler                          0x0800024b   Thumb Code     0  startup_stm32f40_41xxx.o(.text)
    DCMI_IRQHandler                          0x0800024b   Thumb Code     0  startup_stm32f40_41xxx.o(.text)
    DMA1_Stream0_IRQHandler                  0x0800024b   Thumb Code     0  startup_stm32f40_41xxx.o(.text)
    DMA1_Stream1_IRQHandler                  0x0800024b   Thumb Code     0  startup_stm32f40_41xxx.o(.text)
    DMA1_Stream2_IRQHandler                  0x0800024b   Thumb Code     0  startup_stm32f40_41xxx.o(.text)
    DMA1_Stream3_IRQHandler                  0x0800024b   Thumb Code     0  startup_stm32f40_41xxx.o(.text)
    DMA1_Stream4_IRQHandler                  0x0800024b   Thumb Code     0  startup_stm32f40_41xxx.o(.text)
    DMA1_Stream5_IRQHandler                  0x0800024b   Thumb Code     0  startup_stm32f40_41xxx.o(.text)
    DMA1_Stream6_IRQHandler                  0x0800024b   Thumb Code     0  startup_stm32f40_41xxx.o(.text)
    DMA1_Stream7_IRQHandler                  0x0800024b   Thumb Code     0  startup_stm32f40_41xxx.o(.text)
    DMA2_Stream0_IRQHandler                  0x0800024b   Thumb Code     0  startup_stm32f40_41xxx.o(.text)
    DMA2_Stream1_IRQHandler                  0x0800024b   Thumb Code     0  startup_stm32f40_41xxx.o(.text)
    DMA2_Stream2_IRQHandler                  0x0800024b   Thumb Code     0  startup_stm32f40_41xxx.o(.text)
    DMA2_Stream3_IRQHandler                  0x0800024b   Thumb Code     0  startup_stm32f40_41xxx.o(.text)
    DMA2_Stream4_IRQHandler                  0x0800024b   Thumb Code     0  startup_stm32f40_41xxx.o(.text)
    DMA2_Stream5_IRQHandler                  0x0800024b   Thumb Code     0  startup_stm32f40_41xxx.o(.text)
    DMA2_Stream6_IRQHandler                  0x0800024b   Thumb Code     0  startup_stm32f40_41xxx.o(.text)
    DMA2_Stream7_IRQHandler                  0x0800024b   Thumb Code     0  startup_stm32f40_41xxx.o(.text)
    ETH_IRQHandler                           0x0800024b   Thumb Code     0  startup_stm32f40_41xxx.o(.text)
    ETH_WKUP_IRQHandler                      0x0800024b   Thumb Code     0  startup_stm32f40_41xxx.o(.text)
    EXTI15_10_IRQHandler                     0x0800024b   Thumb Code     0  startup_stm32f40_41xxx.o(.text)
    EXTI1_IRQHandler                         0x0800024b   Thumb Code     0  startup_stm32f40_41xxx.o(.text)
    EXTI4_IRQHandler                         0x0800024b   Thumb Code     0  startup_stm32f40_41xxx.o(.text)
    EXTI9_5_IRQHandler                       0x0800024b   Thumb Code     0  startup_stm32f40_41xxx.o(.text)
    FLASH_IRQHandler                         0x0800024b   Thumb Code     0  startup_stm32f40_41xxx.o(.text)
    FPU_IRQHandler                           0x0800024b   Thumb Code     0  startup_stm32f40_41xxx.o(.text)
    FSMC_IRQHandler                          0x0800024b   Thumb Code     0  startup_stm32f40_41xxx.o(.text)
    HASH_RNG_IRQHandler                      0x0800024b   Thumb Code     0  startup_stm32f40_41xxx.o(.text)
    I2C1_ER_IRQHandler                       0x0800024b   Thumb Code     0  startup_stm32f40_41xxx.o(.text)
    I2C1_EV_IRQHandler                       0x0800024b   Thumb Code     0  startup_stm32f40_41xxx.o(.text)
    I2C2_ER_IRQHandler                       0x0800024b   Thumb Code     0  startup_stm32f40_41xxx.o(.text)
    I2C2_EV_IRQHandler                       0x0800024b   Thumb Code     0  startup_stm32f40_41xxx.o(.text)
    I2C3_ER_IRQHandler                       0x0800024b   Thumb Code     0  startup_stm32f40_41xxx.o(.text)
    I2C3_EV_IRQHandler                       0x0800024b   Thumb Code     0  startup_stm32f40_41xxx.o(.text)
    OTG_FS_IRQHandler                        0x0800024b   Thumb Code     0  startup_stm32f40_41xxx.o(.text)
    OTG_FS_WKUP_IRQHandler                   0x0800024b   Thumb Code     0  startup_stm32f40_41xxx.o(.text)
    OTG_HS_EP1_IN_IRQHandler                 0x0800024b   Thumb Code     0  startup_stm32f40_41xxx.o(.text)
    OTG_HS_EP1_OUT_IRQHandler                0x0800024b   Thumb Code     0  startup_stm32f40_41xxx.o(.text)
    OTG_HS_IRQHandler                        0x0800024b   Thumb Code     0  startup_stm32f40_41xxx.o(.text)
    OTG_HS_WKUP_IRQHandler                   0x0800024b   Thumb Code     0  startup_stm32f40_41xxx.o(.text)
    PVD_IRQHandler                           0x0800024b   Thumb Code     0  startup_stm32f40_41xxx.o(.text)
    RCC_IRQHandler                           0x0800024b   Thumb Code     0  startup_stm32f40_41xxx.o(.text)
    RTC_Alarm_IRQHandler                     0x0800024b   Thumb Code     0  startup_stm32f40_41xxx.o(.text)
    RTC_WKUP_IRQHandler                      0x0800024b   Thumb Code     0  startup_stm32f40_41xxx.o(.text)
    SDIO_IRQHandler                          0x0800024b   Thumb Code     0  startup_stm32f40_41xxx.o(.text)
    SPI1_IRQHandler                          0x0800024b   Thumb Code     0  startup_stm32f40_41xxx.o(.text)
    SPI2_IRQHandler                          0x0800024b   Thumb Code     0  startup_stm32f40_41xxx.o(.text)
    SPI3_IRQHandler                          0x0800024b   Thumb Code     0  startup_stm32f40_41xxx.o(.text)
    TAMP_STAMP_IRQHandler                    0x0800024b   Thumb Code     0  startup_stm32f40_41xxx.o(.text)
    TIM1_BRK_TIM9_IRQHandler                 0x0800024b   Thumb Code     0  startup_stm32f40_41xxx.o(.text)
    TIM1_CC_IRQHandler                       0x0800024b   Thumb Code     0  startup_stm32f40_41xxx.o(.text)
    TIM1_TRG_COM_TIM11_IRQHandler            0x0800024b   Thumb Code     0  startup_stm32f40_41xxx.o(.text)
    TIM1_UP_TIM10_IRQHandler                 0x0800024b   Thumb Code     0  startup_stm32f40_41xxx.o(.text)
    TIM2_IRQHandler                          0x0800024b   Thumb Code     0  startup_stm32f40_41xxx.o(.text)
    TIM4_IRQHandler                          0x0800024b   Thumb Code     0  startup_stm32f40_41xxx.o(.text)
    TIM6_DAC_IRQHandler                      0x0800024b   Thumb Code     0  startup_stm32f40_41xxx.o(.text)
    TIM8_BRK_TIM12_IRQHandler                0x0800024b   Thumb Code     0  startup_stm32f40_41xxx.o(.text)
    TIM8_CC_IRQHandler                       0x0800024b   Thumb Code     0  startup_stm32f40_41xxx.o(.text)
    TIM8_TRG_COM_TIM14_IRQHandler            0x0800024b   Thumb Code     0  startup_stm32f40_41xxx.o(.text)
    TIM8_UP_TIM13_IRQHandler                 0x0800024b   Thumb Code     0  startup_stm32f40_41xxx.o(.text)
    UART4_IRQHandler                         0x0800024b   Thumb Code     0  startup_stm32f40_41xxx.o(.text)
    UART5_IRQHandler                         0x0800024b   Thumb Code     0  startup_stm32f40_41xxx.o(.text)
    USART2_IRQHandler                        0x0800024b   Thumb Code     0  startup_stm32f40_41xxx.o(.text)
    USART6_IRQHandler                        0x0800024b   Thumb Code     0  startup_stm32f40_41xxx.o(.text)
    WWDG_IRQHandler                          0x0800024b   Thumb Code     0  startup_stm32f40_41xxx.o(.text)
    __user_initial_stackheap                 0x0800024d   Thumb Code     0  startup_stm32f40_41xxx.o(.text)
    __use_no_semihosting                     0x08000271   Thumb Code     2  use_no_semi_2.o(.text)
    __2printf                                0x08000275   Thumb Code    20  __2printf.o(.text)
    _printf_str                              0x0800028d   Thumb Code    82  _printf_str.o(.text)
    __printf                                 0x080002e1   Thumb Code   388  __printf_flags_ss_wp.o(.text)
    strstr                                   0x08000469   Thumb Code    36  strstr.o(.text)
    __use_two_region_memory                  0x0800048d   Thumb Code     2  heapauxi.o(.text)
    __rt_heap_escrow$2region                 0x0800048f   Thumb Code     2  heapauxi.o(.text)
    __rt_heap_expand$2region                 0x08000491   Thumb Code     2  heapauxi.o(.text)
    __I$use$semihosting                      0x08000493   Thumb Code     0  use_no_semi.o(.text)
    __use_no_semihosting_swi                 0x08000493   Thumb Code     2  use_no_semi.o(.text)
    _printf_char_common                      0x0800049f   Thumb Code    32  _printf_char_common.o(.text)
    _printf_cs_common                        0x080004c5   Thumb Code    20  _printf_char.o(.text)
    _printf_char                             0x080004d9   Thumb Code    16  _printf_char.o(.text)
    _printf_string                           0x080004e9   Thumb Code     8  _printf_char.o(.text)
    _printf_char_file                        0x080004f1   Thumb Code    32  _printf_char_file.o(.text)
    ferror                                   0x08000515   Thumb Code     8  ferror.o(.text)
    __user_setup_stackheap                   0x0800051d   Thumb Code    74  sys_stackheap_outer.o(.text)
    exit                                     0x08000567   Thumb Code    18  exit.o(.text)
    __user_libspace                          0x08000579   Thumb Code     8  libspace.o(.text)
    __user_perproc_libspace                  0x08000579   Thumb Code     0  libspace.o(.text)
    __user_perthread_libspace                0x08000579   Thumb Code     0  libspace.o(.text)
    ADC_Cmd                                  0x08000581   Thumb Code    22  stm32f4xx_adc.o(i.ADC_Cmd)
    ADC_CommonInit                           0x08000599   Thumb Code    34  stm32f4xx_adc.o(i.ADC_CommonInit)
    ADC_GetConversionValue                   0x080005c9   Thumb Code     8  stm32f4xx_adc.o(i.ADC_GetConversionValue)
    ADC_GetFlagStatus                        0x080005d1   Thumb Code    18  stm32f4xx_adc.o(i.ADC_GetFlagStatus)
    ADC_Init                                 0x080005e5   Thumb Code    74  stm32f4xx_adc.o(i.ADC_Init)
    ADC_RegularChannelConfig                 0x08000639   Thumb Code   184  stm32f4xx_adc.o(i.ADC_RegularChannelConfig)
    ADC_SoftwareStartConv                    0x080006f1   Thumb Code    10  stm32f4xx_adc.o(i.ADC_SoftwareStartConv)
    ANTICW_motor                             0x080006fb   Thumb Code    52  bjdj.o(i.ANTICW_motor)
    Adc_Init                                 0x08000731   Thumb Code   124  adc.o(i.Adc_Init)
    BJDJ_Init                                0x080007b5   Thumb Code    76  bjdj.o(i.BJDJ_Init)
    BusFault_Handler                         0x08000809   Thumb Code     4  stm32f4xx_it.o(i.BusFault_Handler)
    CW_motor                                 0x0800080d   Thumb Code    52  bjdj.o(i.CW_motor)
    DebugMon_Handler                         0x08000841   Thumb Code     2  stm32f4xx_it.o(i.DebugMon_Handler)
    EXTI0_IRQHandler                         0x08000845   Thumb Code    72  exti.o(i.EXTI0_IRQHandler)
    EXTI2_IRQHandler                         0x080008b9   Thumb Code    56  exti.o(i.EXTI2_IRQHandler)
    EXTI3_IRQHandler                         0x08000905   Thumb Code    56  exti.o(i.EXTI3_IRQHandler)
    EXTIX_Init                               0x08000951   Thumb Code   184  exti.o(i.EXTIX_Init)
    EXTI_ClearITPendingBit                   0x08000a09   Thumb Code     6  stm32f4xx_exti.o(i.EXTI_ClearITPendingBit)
    EXTI_Init                                0x08000a15   Thumb Code   142  stm32f4xx_exti.o(i.EXTI_Init)
    GPIO_Init                                0x08000aa9   Thumb Code   144  stm32f4xx_gpio.o(i.GPIO_Init)
    GPIO_PinAFConfig                         0x08000b39   Thumb Code    70  stm32f4xx_gpio.o(i.GPIO_PinAFConfig)
    GPIO_ReadInputDataBit                    0x08000b7f   Thumb Code    18  stm32f4xx_gpio.o(i.GPIO_ReadInputDataBit)
    GPIO_ResetBits                           0x08000b91   Thumb Code     4  stm32f4xx_gpio.o(i.GPIO_ResetBits)
    GPIO_SetBits                             0x08000b95   Thumb Code     4  stm32f4xx_gpio.o(i.GPIO_SetBits)
    GPS_Analysis                             0x08000b99   Thumb Code    48  gps.o(i.GPS_Analysis)
    Get_Adc                                  0x08000bc9   Thumb Code    44  adc.o(i.Get_Adc)
    Get_Adc_Average                          0x08000bf9   Thumb Code    46  adc.o(i.Get_Adc_Average)
    HardFault_Handler                        0x08000c27   Thumb Code     4  stm32f4xx_it.o(i.HardFault_Handler)
    KEY_Init                                 0x08000c2d   Thumb Code    60  key.o(i.KEY_Init)
    LED_Init                                 0x08000c71   Thumb Code    56  led.o(i.LED_Init)
    MemManage_Handler                        0x08000cad   Thumb Code     4  stm32f4xx_it.o(i.MemManage_Handler)
    NMEA_Comma_Pos                           0x08000cb1   Thumb Code    50  gps.o(i.NMEA_Comma_Pos)
    NMEA_GPGGA_Analysis                      0x08000ce5   Thumb Code    96  gps.o(i.NMEA_GPGGA_Analysis)
    NMEA_GPGSA_Analysis                      0x08000d4d   Thumb Code   176  gps.o(i.NMEA_GPGSA_Analysis)
    NMEA_GPGSV_Analysis                      0x08000e05   Thumb Code   290  gps.o(i.NMEA_GPGSV_Analysis)
    NMEA_GPRMC_Analysis                      0x08000f31   Thumb Code   532  gps.o(i.NMEA_GPRMC_Analysis)
    NMEA_GPVTG_Analysis                      0x08001151   Thumb Code    78  gps.o(i.NMEA_GPVTG_Analysis)
    NMEA_Pow                                 0x080011a9   Thumb Code    22  gps.o(i.NMEA_Pow)
    NMEA_Str2num                             0x080011bf   Thumb Code   234  gps.o(i.NMEA_Str2num)
    NMI_Handler                              0x080012a9   Thumb Code     2  stm32f4xx_it.o(i.NMI_Handler)
    NVIC_Init                                0x080012ad   Thumb Code   106  misc.o(i.NVIC_Init)
    NVIC_PriorityGroupConfig                 0x08001325   Thumb Code    10  misc.o(i.NVIC_PriorityGroupConfig)
    PendSV_Handler                           0x08001339   Thumb Code     2  stm32f4xx_it.o(i.PendSV_Handler)
    RCC_AHB1PeriphClockCmd                   0x0800133d   Thumb Code    26  stm32f4xx_rcc.o(i.RCC_AHB1PeriphClockCmd)
    RCC_APB1PeriphClockCmd                   0x0800135d   Thumb Code    26  stm32f4xx_rcc.o(i.RCC_APB1PeriphClockCmd)
    RCC_APB1PeriphResetCmd                   0x0800137d   Thumb Code    26  stm32f4xx_rcc.o(i.RCC_APB1PeriphResetCmd)
    RCC_APB2PeriphClockCmd                   0x0800139d   Thumb Code    26  stm32f4xx_rcc.o(i.RCC_APB2PeriphClockCmd)
    RCC_APB2PeriphResetCmd                   0x080013bd   Thumb Code    26  stm32f4xx_rcc.o(i.RCC_APB2PeriphResetCmd)
    RCC_GetClocksFreq                        0x080013dd   Thumb Code   214  stm32f4xx_rcc.o(i.RCC_GetClocksFreq)
    SVC_Handler                              0x080014c5   Thumb Code     2  stm32f4xx_it.o(i.SVC_Handler)
    SYSCFG_EXTILineConfig                    0x080014c9   Thumb Code    60  stm32f4xx_syscfg.o(i.SYSCFG_EXTILineConfig)
    SysTick_CLKSourceConfig                  0x080015f5   Thumb Code    40  misc.o(i.SysTick_CLKSourceConfig)
    SysTick_Handler                          0x0800161d   Thumb Code     2  stm32f4xx_it.o(i.SysTick_Handler)
    SystemInit                               0x08001621   Thumb Code    88  system_stm32f4xx.o(i.SystemInit)
    TIM3_IRQHandler                          0x08001689   Thumb Code    86  timer.o(i.TIM3_IRQHandler)
    TIM3_Int_Init                            0x080016fd   Thumb Code    88  timer.o(i.TIM3_Int_Init)
    TIM5_IRQHandler                          0x08001759   Thumb Code    42  timer.o(i.TIM5_IRQHandler)
    TIM7_IRQHandler                          0x0800178d   Thumb Code    42  timer.o(i.TIM7_IRQHandler)
    TIM7_Int_Init                            0x080017c1   Thumb Code    88  timer.o(i.TIM7_Int_Init)
    TIM_ClearITPendingBit                    0x0800181d   Thumb Code     6  stm32f4xx_tim.o(i.TIM_ClearITPendingBit)
    TIM_Cmd                                  0x08001823   Thumb Code    24  stm32f4xx_tim.o(i.TIM_Cmd)
    TIM_GetITStatus                          0x0800183b   Thumb Code    34  stm32f4xx_tim.o(i.TIM_GetITStatus)
    TIM_ITConfig                             0x0800185d   Thumb Code    18  stm32f4xx_tim.o(i.TIM_ITConfig)
    TIM_SetCounter                           0x0800186f   Thumb Code     4  stm32f4xx_tim.o(i.TIM_SetCounter)
    TIM_TimeBaseInit                         0x08001875   Thumb Code   104  stm32f4xx_tim.o(i.TIM_TimeBaseInit)
    USART1_IRQHandler                        0x080018f9   Thumb Code   122  usart.o(i.USART1_IRQHandler)
    USART3_IRQHandler                        0x08001981   Thumb Code    94  usart3.o(i.USART3_IRQHandler)
    USART_Cmd                                0x080019f1   Thumb Code    24  stm32f4xx_usart.o(i.USART_Cmd)
    USART_DeInit                             0x08001a09   Thumb Code   206  stm32f4xx_usart.o(i.USART_DeInit)
    USART_GetITStatus                        0x08001af9   Thumb Code    84  stm32f4xx_usart.o(i.USART_GetITStatus)
    USART_ITConfig                           0x08001b4d   Thumb Code    74  stm32f4xx_usart.o(i.USART_ITConfig)
    USART_Init                               0x08001b99   Thumb Code   204  stm32f4xx_usart.o(i.USART_Init)
    USART_ReceiveData                        0x08001c6d   Thumb Code    10  stm32f4xx_usart.o(i.USART_ReceiveData)
    Ublox_Cfg_Ack_Check                      0x08001c79   Thumb Code   104  gps.o(i.Ublox_Cfg_Ack_Check)
    Ublox_Cfg_Cfg_Save                       0x08001ce9   Thumb Code   100  gps.o(i.Ublox_Cfg_Cfg_Save)
    Ublox_Cfg_Prt                            0x08001d51   Thumb Code    94  gps.o(i.Ublox_Cfg_Prt)
    Ublox_Cfg_Rate                           0x08001db5   Thumb Code    68  gps.o(i.Ublox_Cfg_Rate)
    Ublox_Cfg_Tp                             0x08001dfd   Thumb Code    90  gps.o(i.Ublox_Cfg_Tp)
    Ublox_CheckSum                           0x08001e5d   Thumb Code    40  gps.o(i.Ublox_CheckSum)
    Ublox_Send_Date                          0x08001e85   Thumb Code    40  gps.o(i.Ublox_Send_Date)
    UsageFault_Handler                       0x08001eb1   Thumb Code     4  stm32f4xx_it.o(i.UsageFault_Handler)
    _is_digit                                0x08001eb5   Thumb Code    14  __printf_wp.o(i._is_digit)
    _sys_exit                                0x08001ec3   Thumb Code     4  usart.o(i._sys_exit)
    delay_init                               0x08001ec9   Thumb Code    52  delay.o(i.delay_init)
    delay_ms                                 0x08001f05   Thumb Code    56  delay.o(i.delay_ms)
    delay_us                                 0x08001f3d   Thumb Code    72  delay.o(i.delay_us)
    delay_xms                                0x08001f89   Thumb Code    72  delay.o(i.delay_xms)
    fputc                                    0x08001fd5   Thumb Code    22  usart.o(i.fputc)
    main                                     0x08001ff1   Thumb Code   376  main.o(i.main)
    motor_step1                              0x080021a1   Thumb Code    26  bjdj.o(i.motor_step1)
    motor_step2                              0x080021cd   Thumb Code    28  bjdj.o(i.motor_step2)
    motor_step3                              0x080021f9   Thumb Code    28  bjdj.o(i.motor_step3)
    motor_step4                              0x08002225   Thumb Code    26  bjdj.o(i.motor_step4)
    uart_init                                0x08002251   Thumb Code   164  usart.o(i.uart_init)
    usart3_init                              0x080022fd   Thumb Code   194  usart3.o(i.usart3_init)
    usart4_init                              0x080023d1   Thumb Code   194  usart4.o(i.usart4_init)
    _fp_init                                 0x080024a9   Thumb Code    10  fpinit.o(x$fpl$fpinit)
    __fplib_config_fpu_vfp                   0x080024b1   Thumb Code     0  fpinit.o(x$fpl$fpinit)
    __fplib_config_pureend_doubles           0x080024b1   Thumb Code     0  fpinit.o(x$fpl$fpinit)
    Region$$Table$$Base                      0x080024c4   Number         0  anon$$obj.o(Region$$Table)
    Region$$Table$$Limit                     0x080024e4   Number         0  anon$$obj.o(Region$$Table)
    uper_motor_CW_flag                       0x20000000   Data           1  main.o(.data)
    uper_motor_ANTICW_flag                   0x20000001   Data           1  main.o(.data)
    motor_start_flag                         0x20000002   Data           1  exti.o(.data)
    motor_CW_flag                            0x20000003   Data           1  exti.o(.data)
    motor_ANTICW_flag                        0x20000004   Data           1  exti.o(.data)
    return_motor_start_flag                  0x20000005   Data           1  exti.o(.data)
    return_motor_CW_flag                     0x20000006   Data           1  exti.o(.data)
    return_motor_ANTICW_flag                 0x20000007   Data           1  exti.o(.data)
    USART3_RX_STA                            0x20000008   Data           2  usart3.o(.data)
    USART4_RX_STA                            0x2000000a   Data           2  usart4.o(.data)
    __stdout                                 0x20000010   Data           4  usart.o(.data)
    USART_RX_STA                             0x20000014   Data           2  usart.o(.data)
    USART1_TX_BUF                            0x20000028   Data         800  main.o(.bss)
    gpsx                                     0x20000348   Data         105  main.o(.bss)
    dtbuf                                    0x200003b4   Data          50  main.o(.bss)
    USART3_TX_BUF                            0x200003e8   Data         800  usart3.o(.bss)
    USART3_RX_BUF                            0x20000708   Data         800  usart3.o(.bss)
    USART_RX_BUF                             0x20000a28   Data         200  usart.o(.bss)
    __libspace_start                         0x20000af0   Data          96  libspace.o(.bss)
    __temporary_stack_top$libspace           0x20000b50   Data           0  libspace.o(.bss)



==============================================================================

Memory Map of the image

  Image Entry point : 0x08000189

  Load Region LR_IROM1 (Base: 0x08000000, Size: 0x0000250c, Max: 0x00100000, ABSOLUTE)

    Execution Region ER_IROM1 (Exec base: 0x08000000, Load base: 0x08000000, Size: 0x000024e4, Max: 0x00100000, ABSOLUTE)

    Exec Addr    Load Addr    Size         Type   Attr      Idx    E Section Name        Object

    0x08000000   0x08000000   0x00000188   Data   RO          884    RESET               startup_stm32f40_41xxx.o
    0x08000188   0x08000188   0x00000008   Code   RO         2517  * !!!main             c_w.l(__main.o)
    0x08000190   0x08000190   0x00000034   Code   RO         2816    !!!scatter          c_w.l(__scatter.o)
    0x080001c4   0x080001c4   0x0000001a   Code   RO         2818    !!handler_copy      c_w.l(__scatter_copy.o)
    0x080001de   0x080001de   0x00000002   PAD
    0x080001e0   0x080001e0   0x0000001c   Code   RO         2820    !!handler_zi        c_w.l(__scatter_zi.o)
    0x080001fc   0x080001fc   0x00000000   Code   RO         2510    .ARM.Collect$$_printf_percent$$00000000  c_w.l(_printf_percent.o)
    0x080001fc   0x080001fc   0x00000006   Code   RO         2509    .ARM.Collect$$_printf_percent$$00000014  c_w.l(_printf_s.o)
    0x08000202   0x08000202   0x00000004   Code   RO         2582    .ARM.Collect$$_printf_percent$$00000017  c_w.l(_printf_percent_end.o)
    0x08000206   0x08000206   0x00000002   Code   RO         2680    .ARM.Collect$$libinit$$00000000  c_w.l(libinit.o)
    0x08000208   0x08000208   0x00000004   Code   RO         2696    .ARM.Collect$$libinit$$00000001  c_w.l(libinit2.o)
    0x0800020c   0x0800020c   0x00000000   Code   RO         2699    .ARM.Collect$$libinit$$00000004  c_w.l(libinit2.o)
    0x0800020c   0x0800020c   0x00000000   Code   RO         2702    .ARM.Collect$$libinit$$0000000A  c_w.l(libinit2.o)
    0x0800020c   0x0800020c   0x00000000   Code   RO         2704    .ARM.Collect$$libinit$$0000000C  c_w.l(libinit2.o)
    0x0800020c   0x0800020c   0x00000000   Code   RO         2706    .ARM.Collect$$libinit$$0000000E  c_w.l(libinit2.o)
    0x0800020c   0x0800020c   0x00000000   Code   RO         2709    .ARM.Collect$$libinit$$00000011  c_w.l(libinit2.o)
    0x0800020c   0x0800020c   0x00000000   Code   RO         2711    .ARM.Collect$$libinit$$00000013  c_w.l(libinit2.o)
    0x0800020c   0x0800020c   0x00000000   Code   RO         2713    .ARM.Collect$$libinit$$00000015  c_w.l(libinit2.o)
    0x0800020c   0x0800020c   0x00000000   Code   RO         2715    .ARM.Collect$$libinit$$00000017  c_w.l(libinit2.o)
    0x0800020c   0x0800020c   0x00000000   Code   RO         2717    .ARM.Collect$$libinit$$00000019  c_w.l(libinit2.o)
    0x0800020c   0x0800020c   0x00000000   Code   RO         2719    .ARM.Collect$$libinit$$0000001B  c_w.l(libinit2.o)
    0x0800020c   0x0800020c   0x00000000   Code   RO         2721    .ARM.Collect$$libinit$$0000001D  c_w.l(libinit2.o)
    0x0800020c   0x0800020c   0x00000000   Code   RO         2723    .ARM.Collect$$libinit$$0000001F  c_w.l(libinit2.o)
    0x0800020c   0x0800020c   0x00000000   Code   RO         2725    .ARM.Collect$$libinit$$00000021  c_w.l(libinit2.o)
    0x0800020c   0x0800020c   0x00000000   Code   RO         2727    .ARM.Collect$$libinit$$00000023  c_w.l(libinit2.o)
    0x0800020c   0x0800020c   0x00000000   Code   RO         2729    .ARM.Collect$$libinit$$00000025  c_w.l(libinit2.o)
    0x0800020c   0x0800020c   0x00000000   Code   RO         2733    .ARM.Collect$$libinit$$0000002C  c_w.l(libinit2.o)
    0x0800020c   0x0800020c   0x00000000   Code   RO         2735    .ARM.Collect$$libinit$$0000002E  c_w.l(libinit2.o)
    0x0800020c   0x0800020c   0x00000000   Code   RO         2737    .ARM.Collect$$libinit$$00000030  c_w.l(libinit2.o)
    0x0800020c   0x0800020c   0x00000000   Code   RO         2739    .ARM.Collect$$libinit$$00000032  c_w.l(libinit2.o)
    0x0800020c   0x0800020c   0x00000002   Code   RO         2740    .ARM.Collect$$libinit$$00000033  c_w.l(libinit2.o)
    0x0800020e   0x0800020e   0x00000002   Code   RO         2758    .ARM.Collect$$libshutdown$$00000000  c_w.l(libshutdown.o)
    0x08000210   0x08000210   0x00000000   Code   RO         2768    .ARM.Collect$$libshutdown$$00000002  c_w.l(libshutdown2.o)
    0x08000210   0x08000210   0x00000000   Code   RO         2770    .ARM.Collect$$libshutdown$$00000004  c_w.l(libshutdown2.o)
    0x08000210   0x08000210   0x00000000   Code   RO         2773    .ARM.Collect$$libshutdown$$00000007  c_w.l(libshutdown2.o)
    0x08000210   0x08000210   0x00000000   Code   RO         2776    .ARM.Collect$$libshutdown$$0000000A  c_w.l(libshutdown2.o)
    0x08000210   0x08000210   0x00000000   Code   RO         2778    .ARM.Collect$$libshutdown$$0000000C  c_w.l(libshutdown2.o)
    0x08000210   0x08000210   0x00000000   Code   RO         2781    .ARM.Collect$$libshutdown$$0000000F  c_w.l(libshutdown2.o)
    0x08000210   0x08000210   0x00000002   Code   RO         2782    .ARM.Collect$$libshutdown$$00000010  c_w.l(libshutdown2.o)
    0x08000212   0x08000212   0x00000000   Code   RO         2521    .ARM.Collect$$rtentry$$00000000  c_w.l(__rtentry.o)
    0x08000212   0x08000212   0x00000000   Code   RO         2601    .ARM.Collect$$rtentry$$00000002  c_w.l(__rtentry2.o)
    0x08000212   0x08000212   0x00000006   Code   RO         2613    .ARM.Collect$$rtentry$$00000004  c_w.l(__rtentry4.o)
    0x08000218   0x08000218   0x00000000   Code   RO         2603    .ARM.Collect$$rtentry$$00000009  c_w.l(__rtentry2.o)
    0x08000218   0x08000218   0x00000004   Code   RO         2604    .ARM.Collect$$rtentry$$0000000A  c_w.l(__rtentry2.o)
    0x0800021c   0x0800021c   0x00000000   Code   RO         2606    .ARM.Collect$$rtentry$$0000000C  c_w.l(__rtentry2.o)
    0x0800021c   0x0800021c   0x00000008   Code   RO         2607    .ARM.Collect$$rtentry$$0000000D  c_w.l(__rtentry2.o)
    0x08000224   0x08000224   0x00000002   Code   RO         2689    .ARM.Collect$$rtexit$$00000000  c_w.l(rtexit.o)
    0x08000226   0x08000226   0x00000000   Code   RO         2742    .ARM.Collect$$rtexit$$00000002  c_w.l(rtexit2.o)
    0x08000226   0x08000226   0x00000004   Code   RO         2743    .ARM.Collect$$rtexit$$00000003  c_w.l(rtexit2.o)
    0x0800022a   0x0800022a   0x00000006   Code   RO         2744    .ARM.Collect$$rtexit$$00000004  c_w.l(rtexit2.o)
    0x08000230   0x08000230   0x00000040   Code   RO          885    .text               startup_stm32f40_41xxx.o
    0x08000270   0x08000270   0x00000002   Code   RO         2477    .text               c_w.l(use_no_semi_2.o)
    0x08000272   0x08000272   0x00000002   PAD
    0x08000274   0x08000274   0x00000018   Code   RO         2481    .text               c_w.l(__2printf.o)
    0x0800028c   0x0800028c   0x00000052   Code   RO         2487    .text               c_w.l(_printf_str.o)
    0x080002de   0x080002de   0x00000002   PAD
    0x080002e0   0x080002e0   0x00000188   Code   RO         2506    .text               c_w.l(__printf_flags_ss_wp.o)
    0x08000468   0x08000468   0x00000024   Code   RO         2511    .text               c_w.l(strstr.o)
    0x0800048c   0x0800048c   0x00000006   Code   RO         2515    .text               c_w.l(heapauxi.o)
    0x08000492   0x08000492   0x00000002   Code   RO         2519    .text               c_w.l(use_no_semi.o)
    0x08000494   0x08000494   0x00000030   Code   RO         2530    .text               c_w.l(_printf_char_common.o)
    0x080004c4   0x080004c4   0x0000002c   Code   RO         2534    .text               c_w.l(_printf_char.o)
    0x080004f0   0x080004f0   0x00000024   Code   RO         2536    .text               c_w.l(_printf_char_file.o)
    0x08000514   0x08000514   0x00000008   Code   RO         2628    .text               c_w.l(ferror.o)
    0x0800051c   0x0800051c   0x0000004a   Code   RO         2634    .text               c_w.l(sys_stackheap_outer.o)
    0x08000566   0x08000566   0x00000012   Code   RO         2673    .text               c_w.l(exit.o)
    0x08000578   0x08000578   0x00000008   Code   RO         2686    .text               c_w.l(libspace.o)
    0x08000580   0x08000580   0x00000016   Code   RO         1617    i.ADC_Cmd           stm32f4xx_adc.o
    0x08000596   0x08000596   0x00000002   PAD
    0x08000598   0x08000598   0x00000030   Code   RO         1618    i.ADC_CommonInit    stm32f4xx_adc.o
    0x080005c8   0x080005c8   0x00000008   Code   RO         1629    i.ADC_GetConversionValue  stm32f4xx_adc.o
    0x080005d0   0x080005d0   0x00000012   Code   RO         1630    i.ADC_GetFlagStatus  stm32f4xx_adc.o
    0x080005e2   0x080005e2   0x00000002   PAD
    0x080005e4   0x080005e4   0x00000054   Code   RO         1637    i.ADC_Init          stm32f4xx_adc.o
    0x08000638   0x08000638   0x000000b8   Code   RO         1642    i.ADC_RegularChannelConfig  stm32f4xx_adc.o
    0x080006f0   0x080006f0   0x0000000a   Code   RO         1644    i.ADC_SoftwareStartConv  stm32f4xx_adc.o
    0x080006fa   0x080006fa   0x00000034   Code   RO          390    i.ANTICW_motor      bjdj.o
    0x0800072e   0x0800072e   0x00000002   PAD
    0x08000730   0x08000730   0x00000084   Code   RO          358    i.Adc_Init          adc.o
    0x080007b4   0x080007b4   0x00000054   Code   RO          391    i.BJDJ_Init         bjdj.o
    0x08000808   0x08000808   0x00000004   Code   RO          181    i.BusFault_Handler  stm32f4xx_it.o
    0x0800080c   0x0800080c   0x00000034   Code   RO          392    i.CW_motor          bjdj.o
    0x08000840   0x08000840   0x00000002   Code   RO          182    i.DebugMon_Handler  stm32f4xx_it.o
    0x08000842   0x08000842   0x00000002   PAD
    0x08000844   0x08000844   0x00000074   Code   RO          446    i.EXTI0_IRQHandler  exti.o
    0x080008b8   0x080008b8   0x0000004c   Code   RO          447    i.EXTI2_IRQHandler  exti.o
    0x08000904   0x08000904   0x0000004c   Code   RO          448    i.EXTI3_IRQHandler  exti.o
    0x08000950   0x08000950   0x000000b8   Code   RO          449    i.EXTIX_Init        exti.o
    0x08000a08   0x08000a08   0x0000000c   Code   RO         1854    i.EXTI_ClearITPendingBit  stm32f4xx_exti.o
    0x08000a14   0x08000a14   0x00000094   Code   RO         1859    i.EXTI_Init         stm32f4xx_exti.o
    0x08000aa8   0x08000aa8   0x00000090   Code   RO          936    i.GPIO_Init         stm32f4xx_gpio.o
    0x08000b38   0x08000b38   0x00000046   Code   RO          937    i.GPIO_PinAFConfig  stm32f4xx_gpio.o
    0x08000b7e   0x08000b7e   0x00000012   Code   RO          940    i.GPIO_ReadInputDataBit  stm32f4xx_gpio.o
    0x08000b90   0x08000b90   0x00000004   Code   RO          943    i.GPIO_ResetBits    stm32f4xx_gpio.o
    0x08000b94   0x08000b94   0x00000004   Code   RO          944    i.GPIO_SetBits      stm32f4xx_gpio.o
    0x08000b98   0x08000b98   0x00000030   Code   RO          611    i.GPS_Analysis      gps.o
    0x08000bc8   0x08000bc8   0x00000030   Code   RO          359    i.Get_Adc           adc.o
    0x08000bf8   0x08000bf8   0x0000002e   Code   RO          360    i.Get_Adc_Average   adc.o
    0x08000c26   0x08000c26   0x00000004   Code   RO          183    i.HardFault_Handler  stm32f4xx_it.o
    0x08000c2a   0x08000c2a   0x00000002   PAD
    0x08000c2c   0x08000c2c   0x00000044   Code   RO          487    i.KEY_Init          key.o
    0x08000c70   0x08000c70   0x0000003c   Code   RO          315    i.LED_Init          led.o
    0x08000cac   0x08000cac   0x00000004   Code   RO          184    i.MemManage_Handler  stm32f4xx_it.o
    0x08000cb0   0x08000cb0   0x00000032   Code   RO          612    i.NMEA_Comma_Pos    gps.o
    0x08000ce2   0x08000ce2   0x00000002   PAD
    0x08000ce4   0x08000ce4   0x00000068   Code   RO          613    i.NMEA_GPGGA_Analysis  gps.o
    0x08000d4c   0x08000d4c   0x000000b8   Code   RO          614    i.NMEA_GPGSA_Analysis  gps.o
    0x08000e04   0x08000e04   0x0000012c   Code   RO          615    i.NMEA_GPGSV_Analysis  gps.o
    0x08000f30   0x08000f30   0x00000220   Code   RO          616    i.NMEA_GPRMC_Analysis  gps.o
    0x08001150   0x08001150   0x00000058   Code   RO          617    i.NMEA_GPVTG_Analysis  gps.o
    0x080011a8   0x080011a8   0x00000016   Code   RO          618    i.NMEA_Pow          gps.o
    0x080011be   0x080011be   0x000000ea   Code   RO          619    i.NMEA_Str2num      gps.o
    0x080012a8   0x080012a8   0x00000002   Code   RO          185    i.NMI_Handler       stm32f4xx_it.o
    0x080012aa   0x080012aa   0x00000002   PAD
    0x080012ac   0x080012ac   0x00000078   Code   RO          891    i.NVIC_Init         misc.o
    0x08001324   0x08001324   0x00000014   Code   RO          892    i.NVIC_PriorityGroupConfig  misc.o
    0x08001338   0x08001338   0x00000002   Code   RO          186    i.PendSV_Handler    stm32f4xx_it.o
    0x0800133a   0x0800133a   0x00000002   PAD
    0x0800133c   0x0800133c   0x00000020   Code   RO         1033    i.RCC_AHB1PeriphClockCmd  stm32f4xx_rcc.o
    0x0800135c   0x0800135c   0x00000020   Code   RO         1042    i.RCC_APB1PeriphClockCmd  stm32f4xx_rcc.o
    0x0800137c   0x0800137c   0x00000020   Code   RO         1044    i.RCC_APB1PeriphResetCmd  stm32f4xx_rcc.o
    0x0800139c   0x0800139c   0x00000020   Code   RO         1045    i.RCC_APB2PeriphClockCmd  stm32f4xx_rcc.o
    0x080013bc   0x080013bc   0x00000020   Code   RO         1047    i.RCC_APB2PeriphResetCmd  stm32f4xx_rcc.o
    0x080013dc   0x080013dc   0x000000e8   Code   RO         1054    i.RCC_GetClocksFreq  stm32f4xx_rcc.o
    0x080014c4   0x080014c4   0x00000002   Code   RO          187    i.SVC_Handler       stm32f4xx_it.o
    0x080014c6   0x080014c6   0x00000002   PAD
    0x080014c8   0x080014c8   0x00000040   Code   RO         1370    i.SYSCFG_EXTILineConfig  stm32f4xx_syscfg.o
    0x08001508   0x08001508   0x000000ec   Code   RO          278    i.SetSysClock       system_stm32f4xx.o
    0x080015f4   0x080015f4   0x00000028   Code   RO          895    i.SysTick_CLKSourceConfig  misc.o
    0x0800161c   0x0800161c   0x00000002   Code   RO          188    i.SysTick_Handler   stm32f4xx_it.o
    0x0800161e   0x0800161e   0x00000002   PAD
    0x08001620   0x08001620   0x00000068   Code   RO          280    i.SystemInit        system_stm32f4xx.o
    0x08001688   0x08001688   0x00000074   Code   RO          514    i.TIM3_IRQHandler   timer.o
    0x080016fc   0x080016fc   0x0000005c   Code   RO          515    i.TIM3_Int_Init     timer.o
    0x08001758   0x08001758   0x00000034   Code   RO          516    i.TIM5_IRQHandler   timer.o
    0x0800178c   0x0800178c   0x00000034   Code   RO          518    i.TIM7_IRQHandler   timer.o
    0x080017c0   0x080017c0   0x0000005c   Code   RO          519    i.TIM7_Int_Init     timer.o
    0x0800181c   0x0800181c   0x00000006   Code   RO         1926    i.TIM_ClearITPendingBit  stm32f4xx_tim.o
    0x08001822   0x08001822   0x00000018   Code   RO         1931    i.TIM_Cmd           stm32f4xx_tim.o
    0x0800183a   0x0800183a   0x00000022   Code   RO         1952    i.TIM_GetITStatus   stm32f4xx_tim.o
    0x0800185c   0x0800185c   0x00000012   Code   RO         1956    i.TIM_ITConfig      stm32f4xx_tim.o
    0x0800186e   0x0800186e   0x00000004   Code   RO         1997    i.TIM_SetCounter    stm32f4xx_tim.o
    0x08001872   0x08001872   0x00000002   PAD
    0x08001874   0x08001874   0x00000084   Code   RO         2003    i.TIM_TimeBaseInit  stm32f4xx_tim.o
    0x080018f8   0x080018f8   0x00000088   Code   RO          835    i.USART1_IRQHandler  usart.o
    0x08001980   0x08001980   0x00000070   Code   RO          565    i.USART3_IRQHandler  usart3.o
    0x080019f0   0x080019f0   0x00000018   Code   RO         1427    i.USART_Cmd         stm32f4xx_usart.o
    0x08001a08   0x08001a08   0x000000f0   Code   RO         1429    i.USART_DeInit      stm32f4xx_usart.o
    0x08001af8   0x08001af8   0x00000054   Code   RO         1431    i.USART_GetITStatus  stm32f4xx_usart.o
    0x08001b4c   0x08001b4c   0x0000004a   Code   RO         1433    i.USART_ITConfig    stm32f4xx_usart.o
    0x08001b96   0x08001b96   0x00000002   PAD
    0x08001b98   0x08001b98   0x000000d4   Code   RO         1434    i.USART_Init        stm32f4xx_usart.o
    0x08001c6c   0x08001c6c   0x0000000a   Code   RO         1441    i.USART_ReceiveData  stm32f4xx_usart.o
    0x08001c76   0x08001c76   0x00000002   PAD
    0x08001c78   0x08001c78   0x00000070   Code   RO          620    i.Ublox_Cfg_Ack_Check  gps.o
    0x08001ce8   0x08001ce8   0x00000068   Code   RO          621    i.Ublox_Cfg_Cfg_Save  gps.o
    0x08001d50   0x08001d50   0x00000064   Code   RO          623    i.Ublox_Cfg_Prt     gps.o
    0x08001db4   0x08001db4   0x00000048   Code   RO          624    i.Ublox_Cfg_Rate    gps.o
    0x08001dfc   0x08001dfc   0x00000060   Code   RO          625    i.Ublox_Cfg_Tp      gps.o
    0x08001e5c   0x08001e5c   0x00000028   Code   RO          626    i.Ublox_CheckSum    gps.o
    0x08001e84   0x08001e84   0x0000002c   Code   RO          627    i.Ublox_Send_Date   gps.o
    0x08001eb0   0x08001eb0   0x00000004   Code   RO          189    i.UsageFault_Handler  stm32f4xx_it.o
    0x08001eb4   0x08001eb4   0x0000000e   Code   RO         2499    i._is_digit         c_w.l(__printf_wp.o)
    0x08001ec2   0x08001ec2   0x00000004   Code   RO          836    i._sys_exit         usart.o
    0x08001ec6   0x08001ec6   0x00000002   PAD
    0x08001ec8   0x08001ec8   0x0000003c   Code   RO          777    i.delay_init        delay.o
    0x08001f04   0x08001f04   0x00000038   Code   RO          778    i.delay_ms          delay.o
    0x08001f3c   0x08001f3c   0x0000004c   Code   RO          779    i.delay_us          delay.o
    0x08001f88   0x08001f88   0x0000004c   Code   RO          780    i.delay_xms         delay.o
    0x08001fd4   0x08001fd4   0x0000001c   Code   RO          837    i.fputc             usart.o
    0x08001ff0   0x08001ff0   0x000001b0   Code   RO            3    i.main              main.o
    0x080021a0   0x080021a0   0x0000002c   Code   RO          393    i.motor_step1       bjdj.o
    0x080021cc   0x080021cc   0x0000002c   Code   RO          394    i.motor_step2       bjdj.o
    0x080021f8   0x080021f8   0x0000002c   Code   RO          395    i.motor_step3       bjdj.o
    0x08002224   0x08002224   0x0000002c   Code   RO          396    i.motor_step4       bjdj.o
    0x08002250   0x08002250   0x000000ac   Code   RO          838    i.uart_init         usart.o
    0x080022fc   0x080022fc   0x000000d4   Code   RO          567    i.usart3_init       usart3.o
    0x080023d0   0x080023d0   0x000000d8   Code   RO          740    i.usart4_init       usart4.o
    0x080024a8   0x080024a8   0x0000000a   Code   RO         2750    x$fpl$fpinit        fz_wm.l(fpinit.o)
    0x080024b2   0x080024b2   0x00000011   Data   RO         2507    .constdata          c_w.l(__printf_flags_ss_wp.o)
    0x080024c3   0x080024c3   0x00000001   PAD
    0x080024c4   0x080024c4   0x00000020   Data   RO         2814    Region$$Table       anon$$obj.o


    Execution Region RW_IRAM1 (Exec base: 0x20000000, Load base: 0x080024e4, Size: 0x00001150, Max: 0x00020000, ABSOLUTE)

    Exec Addr    Load Addr    Size         Type   Attr      Idx    E Section Name        Object

    0x20000000   0x080024e4   0x00000002   Data   RW            5    .data               main.o
    0x20000002   0x080024e6   0x00000006   Data   RW          450    .data               exti.o
    0x20000008   0x080024ec   0x00000002   Data   RW          569    .data               usart3.o
    0x2000000a   0x080024ee   0x00000002   Data   RW          742    .data               usart4.o
    0x2000000c   0x080024f0   0x00000004   Data   RW          781    .data               delay.o
    0x20000010   0x080024f4   0x00000006   Data   RW          840    .data               usart.o
    0x20000016   0x080024fa   0x00000010   Data   RW         1086    .data               stm32f4xx_rcc.o
    0x20000026   0x0800250a   0x00000002   PAD
    0x20000028        -       0x000003be   Zero   RW            4    .bss                main.o
    0x200003e6   0x0800250a   0x00000002   PAD
    0x200003e8        -       0x00000640   Zero   RW          568    .bss                usart3.o
    0x20000a28        -       0x000000c8   Zero   RW          839    .bss                usart.o
    0x20000af0        -       0x00000060   Zero   RW         2687    .bss                c_w.l(libspace.o)
    0x20000b50        -       0x00000200   Zero   RW          883    HEAP                startup_stm32f40_41xxx.o
    0x20000d50        -       0x00000400   Zero   RW          882    STACK               startup_stm32f40_41xxx.o


==============================================================================

Image component sizes


      Code (inc. data)   RO Data    RW Data    ZI Data      Debug   Object Name

       226         12          0          0          0       1891   adc.o
       364         76          0          0          0       3442   bjdj.o
       268         16          0          4          0       2475   delay.o
       452         84          0          6          0       2747   exti.o
      2142         80          0          0          0      12138   gps.o
        68          8          0          0          0        527   key.o
        60          4          0          0          0        527   led.o
       432         56          0          2        958     301708   main.o
       180         24          0          0          0       2033   misc.o
        64         26        392          0       1536        840   startup_stm32f40_41xxx.o
       374         24          0          0          0       5474   stm32f4xx_adc.o
       160         12          0          0          0       1465   stm32f4xx_exti.o
       240          0          0          0          0       3463   stm32f4xx_gpio.o
        26          0          0          0          0       3986   stm32f4xx_it.o
       392         48          0         16          0       5721   stm32f4xx_rcc.o
        64          4          0          0          0        644   stm32f4xx_syscfg.o
       218         28          0          0          0       4155   stm32f4xx_tim.o
       644         42          0          0          0       4873   stm32f4xx_usart.o
       340         32          0          0          0       1449   system_stm32f4xx.o
       404         58          0          0          0       2946   timer.o
       340         28          0          6        200       4208   usart.o
       324         36          0          2       1600       2130   usart3.o
       216         22          0          2          0       1558   usart4.o

    ----------------------------------------------------------------------
      8026        720        424         40       4296     370400   Object Totals
         0          0         32          0          0          0   (incl. Generated)
        28          0          0          2          2          0   (incl. Padding)

    ----------------------------------------------------------------------

      Code (inc. data)   RO Data    RW Data    ZI Data      Debug   Library Member Name

        24          4          0          0          0         84   __2printf.o
         8          0          0          0          0         68   __main.o
       392          4         17          0          0         92   __printf_flags_ss_wp.o
        14          0          0          0          0         68   __printf_wp.o
         0          0          0          0          0          0   __rtentry.o
        12          0          0          0          0          0   __rtentry2.o
         6          0          0          0          0          0   __rtentry4.o
        52          8          0          0          0          0   __scatter.o
        26          0          0          0          0          0   __scatter_copy.o
        28          0          0          0          0          0   __scatter_zi.o
        44          0          0          0          0        108   _printf_char.o
        48          6          0          0          0         96   _printf_char_common.o
        36          4          0          0          0         80   _printf_char_file.o
         0          0          0          0          0          0   _printf_percent.o
         4          0          0          0          0          0   _printf_percent_end.o
         6          0          0          0          0          0   _printf_s.o
        82          0          0          0          0         80   _printf_str.o
        18          0          0          0          0         80   exit.o
         8          0          0          0          0         68   ferror.o
         6          0          0          0          0        152   heapauxi.o
         2          0          0          0          0          0   libinit.o
         6          0          0          0          0          0   libinit2.o
         2          0          0          0          0          0   libshutdown.o
         2          0          0          0          0          0   libshutdown2.o
         8          4          0          0         96         68   libspace.o
         2          0          0          0          0          0   rtexit.o
        10          0          0          0          0          0   rtexit2.o
        36          0          0          0          0         80   strstr.o
        74          0          0          0          0         80   sys_stackheap_outer.o
         2          0          0          0          0         68   use_no_semi.o
         2          0          0          0          0         68   use_no_semi_2.o
        10          0          0          0          0        116   fpinit.o

    ----------------------------------------------------------------------
       976         30         18          0         96       1456   Library Totals
         6          0          1          0          0          0   (incl. Padding)

    ----------------------------------------------------------------------

      Code (inc. data)   RO Data    RW Data    ZI Data      Debug   Library Name

       960         30         17          0         96       1340   c_w.l
        10          0          0          0          0        116   fz_wm.l

    ----------------------------------------------------------------------
       976         30         18          0         96       1456   Library Totals

    ----------------------------------------------------------------------

==============================================================================


      Code (inc. data)   RO Data    RW Data    ZI Data      Debug   

      9002        750        442         40       4392     362232   Grand Totals
      9002        750        442         40       4392     362232   ELF Image Totals
      9002        750        442         40          0          0   ROM Totals

==============================================================================

    Total RO  Size (Code + RO Data)                 9444 (   9.22kB)
    Total RW  Size (RW Data + ZI Data)              4432 (   4.33kB)
    Total ROM Size (Code + RO Data + RW Data)       9484 (   9.26kB)

==============================================================================

